13:39:30 **** Build of project standalone_bsp_0 ****
make -k all 
"Running Make include in ps7_cortexa9_0/libsrc/axivdma_v6_3/src"
C:/Logiciels/Xilinx/SDK/2017.2/gnuwin/bin/make -C ps7_cortexa9_0/libsrc/axivdma_v6_3/src -s include  "SHELL=CMD" "COMPILER=arm-none-eabi-gcc" "ARCHIVER=arm-none-eabi-ar" "COMPILER_FLAGS=  -O2 -c" "EXTRA_COMPILER_FLAGS=-O0 -g3 -DDEBUG -mcpu=cortex-a9 -mfpu=vfpv3 -mfloat-abi=hard -nostartfiles -Wall -Wextra"
"Running Make include in ps7_cortexa9_0/libsrc/coresightps_dcc_v1_4/src"
C:/Logiciels/Xilinx/SDK/2017.2/gnuwin/bin/make -C ps7_cortexa9_0/libsrc/coresightps_dcc_v1_4/src -s include  "SHELL=CMD" "COMPILER=arm-none-eabi-gcc" "ARCHIVER=arm-none-eabi-ar" "COMPILER_FLAGS=  -O2 -c" "EXTRA_COMPILER_FLAGS=-O0 -g3 -DDEBUG -mcpu=cortex-a9 -mfpu=vfpv3 -mfloat-abi=hard -nostartfiles -Wall -Wextra"
"Running Make include in ps7_cortexa9_0/libsrc/cpu_cortexa9_v2_4/src"
C:/Logiciels/Xilinx/SDK/2017.2/gnuwin/bin/make -C ps7_cortexa9_0/libsrc/cpu_cortexa9_v2_4/src -s include  "SHELL=CMD" "COMPILER=arm-none-eabi-gcc" "ARCHIVER=arm-none-eabi-ar" "COMPILER_FLAGS=  -O2 -c" "EXTRA_COMPILER_FLAGS=-O0 -g3 -DDEBUG -mcpu=cortex-a9 -mfpu=vfpv3 -mfloat-abi=hard -nostartfiles -Wall -Wextra"
"Running Make include in ps7_cortexa9_0/libsrc/ddrps_v1_0/src"
C:/Logiciels/Xilinx/SDK/2017.2/gnuwin/bin/make -C ps7_cortexa9_0/libsrc/ddrps_v1_0/src -s include  "SHELL=CMD" "COMPILER=arm-none-eabi-gcc" "ARCHIVER=arm-none-eabi-ar" "COMPILER_FLAGS=  -O2 -c" "EXTRA_COMPILER_FLAGS=-O0 -g3 -DDEBUG -mcpu=cortex-a9 -mfpu=vfpv3 -mfloat-abi=hard -nostartfiles -Wall -Wextra"
"Running Make include in ps7_cortexa9_0/libsrc/devcfg_v3_4/src"
C:/Logiciels/Xilinx/SDK/2017.2/gnuwin/bin/make -C ps7_cortexa9_0/libsrc/devcfg_v3_4/src -s include  "SHELL=CMD" "COMPILER=arm-none-eabi-gcc" "ARCHIVER=arm-none-eabi-ar" "COMPILER_FLAGS=  -O2 -c" "EXTRA_COMPILER_FLAGS=-O0 -g3 -DDEBUG -mcpu=cortex-a9 -mfpu=vfpv3 -mfloat-abi=hard -nostartfiles -Wall -Wextra"
"Running Make include in ps7_cortexa9_0/libsrc/dmaps_v2_3/src"
C:/Logiciels/Xilinx/SDK/2017.2/gnuwin/bin/make -C ps7_cortexa9_0/libsrc/dmaps_v2_3/src -s include  "SHELL=CMD" "COMPILER=arm-none-eabi-gcc" "ARCHIVER=arm-none-eabi-ar" "COMPILER_FLAGS=  -O2 -c" "EXTRA_COMPILER_FLAGS=-O0 -g3 -DDEBUG -mcpu=cortex-a9 -mfpu=vfpv3 -mfloat-abi=hard -nostartfiles -Wall -Wextra"
"Running Make include in ps7_cortexa9_0/libsrc/emacps_v3_4/src"
C:/Logiciels/Xilinx/SDK/2017.2/gnuwin/bin/make -C ps7_cortexa9_0/libsrc/emacps_v3_4/src -s include  "SHELL=CMD" "COMPILER=arm-none-eabi-gcc" "ARCHIVER=arm-none-eabi-ar" "COMPILER_FLAGS=  -O2 -c" "EXTRA_COMPILER_FLAGS=-O0 -g3 -DDEBUG -mcpu=cortex-a9 -mfpu=vfpv3 -mfloat-abi=hard -nostartfiles -Wall -Wextra"
"Running Make include in ps7_cortexa9_0/libsrc/gpiops_v3_3/src"
C:/Logiciels/Xilinx/SDK/2017.2/gnuwin/bin/make -C ps7_cortexa9_0/libsrc/gpiops_v3_3/src -s include  "SHELL=CMD" "COMPILER=arm-none-eabi-gcc" "ARCHIVER=arm-none-eabi-ar" "COMPILER_FLAGS=  -O2 -c" "EXTRA_COMPILER_FLAGS=-O0 -g3 -DDEBUG -mcpu=cortex-a9 -mfpu=vfpv3 -mfloat-abi=hard -nostartfiles -Wall -Wextra"
"Running Make include in ps7_cortexa9_0/libsrc/iic_v3_4/src"
C:/Logiciels/Xilinx/SDK/2017.2/gnuwin/bin/make -C ps7_cortexa9_0/libsrc/iic_v3_4/src -s include  "SHELL=CMD" "COMPILER=arm-none-eabi-gcc" "ARCHIVER=arm-none-eabi-ar" "COMPILER_FLAGS=  -O2 -c" "EXTRA_COMPILER_FLAGS=-O0 -g3 -DDEBUG -mcpu=cortex-a9 -mfpu=vfpv3 -mfloat-abi=hard -nostartfiles -Wall -Wextra"
"Running Make include in ps7_cortexa9_0/libsrc/qspips_v3_3/src"
C:/Logiciels/Xilinx/SDK/2017.2/gnuwin/bin/make -C ps7_cortexa9_0/libsrc/qspips_v3_3/src -s include  "SHELL=CMD" "COMPILER=arm-none-eabi-gcc" "ARCHIVER=arm-none-eabi-ar" "COMPILER_FLAGS=  -O2 -c" "EXTRA_COMPILER_FLAGS=-O0 -g3 -DDEBUG -mcpu=cortex-a9 -mfpu=vfpv3 -mfloat-abi=hard -nostartfiles -Wall -Wextra"
"Running Make include in ps7_cortexa9_0/libsrc/scugic_v3_7/src"
C:/Logiciels/Xilinx/SDK/2017.2/gnuwin/bin/make -C ps7_cortexa9_0/libsrc/scugic_v3_7/src -s include  "SHELL=CMD" "COMPILER=arm-none-eabi-gcc" "ARCHIVER=arm-none-eabi-ar" "COMPILER_FLAGS=  -O2 -c" "EXTRA_COMPILER_FLAGS=-O0 -g3 -DDEBUG -mcpu=cortex-a9 -mfpu=vfpv3 -mfloat-abi=hard -nostartfiles -Wall -Wextra"
"Running Make include in ps7_cortexa9_0/libsrc/scutimer_v2_1/src"
C:/Logiciels/Xilinx/SDK/2017.2/gnuwin/bin/make -C ps7_cortexa9_0/libsrc/scutimer_v2_1/src -s include  "SHELL=CMD" "COMPILER=arm-none-eabi-gcc" "ARCHIVER=arm-none-eabi-ar" "COMPILER_FLAGS=  -O2 -c" "EXTRA_COMPILER_FLAGS=-O0 -g3 -DDEBUG -mcpu=cortex-a9 -mfpu=vfpv3 -mfloat-abi=hard -nostartfiles -Wall -Wextra"
"Running Make include in ps7_cortexa9_0/libsrc/scuwdt_v2_1/src"
C:/Logiciels/Xilinx/SDK/2017.2/gnuwin/bin/make -C ps7_cortexa9_0/libsrc/scuwdt_v2_1/src -s include  "SHELL=CMD" "COMPILER=arm-none-eabi-gcc" "ARCHIVER=arm-none-eabi-ar" "COMPILER_FLAGS=  -O2 -c" "EXTRA_COMPILER_FLAGS=-O0 -g3 -DDEBUG -mcpu=cortex-a9 -mfpu=vfpv3 -mfloat-abi=hard -nostartfiles -Wall -Wextra"
"Running Make include in ps7_cortexa9_0/libsrc/sdps_v3_2/src"
C:/Logiciels/Xilinx/SDK/2017.2/gnuwin/bin/make -C ps7_cortexa9_0/libsrc/sdps_v3_2/src -s include  "SHELL=CMD" "COMPILER=arm-none-eabi-gcc" "ARCHIVER=arm-none-eabi-ar" "COMPILER_FLAGS=  -O2 -c" "EXTRA_COMPILER_FLAGS=-O0 -g3 -DDEBUG -mcpu=cortex-a9 -mfpu=vfpv3 -mfloat-abi=hard -nostartfiles -Wall -Wextra"
"Running Make include in ps7_cortexa9_0/libsrc/sobel_filter_v1_0/src"
C:/Logiciels/Xilinx/SDK/2017.2/gnuwin/bin/make -C ps7_cortexa9_0/libsrc/sobel_filter_v1_0/src -s include  "SHELL=CMD" "COMPILER=arm-none-eabi-gcc" "ARCHIVER=arm-none-eabi-ar" "COMPILER_FLAGS=  -O2 -c" "EXTRA_COMPILER_FLAGS=-O0 -g3 -DDEBUG -mcpu=cortex-a9 -mfpu=vfpv3 -mfloat-abi=hard -nostartfiles -Wall -Wextra"
"Running Make include in ps7_cortexa9_0/libsrc/standalone_v6_3/src"
C:/Logiciels/Xilinx/SDK/2017.2/gnuwin/bin/make -C ps7_cortexa9_0/libsrc/standalone_v6_3/src -s include  "SHELL=CMD" "COMPILER=arm-none-eabi-gcc" "ARCHIVER=arm-none-eabi-ar" "COMPILER_FLAGS=  -O2 -c" "EXTRA_COMPILER_FLAGS=-O0 -g3 -DDEBUG -mcpu=cortex-a9 -mfpu=vfpv3 -mfloat-abi=hard -nostartfiles -Wall -Wextra"
"Running Make include in ps7_cortexa9_0/libsrc/ttcps_v3_3/src"
C:/Logiciels/Xilinx/SDK/2017.2/gnuwin/bin/make -C ps7_cortexa9_0/libsrc/ttcps_v3_3/src -s include  "SHELL=CMD" "COMPILER=arm-none-eabi-gcc" "ARCHIVER=arm-none-eabi-ar" "COMPILER_FLAGS=  -O2 -c" "EXTRA_COMPILER_FLAGS=-O0 -g3 -DDEBUG -mcpu=cortex-a9 -mfpu=vfpv3 -mfloat-abi=hard -nostartfiles -Wall -Wextra"
"Running Make include in ps7_cortexa9_0/libsrc/uartps_v3_4/src"
C:/Logiciels/Xilinx/SDK/2017.2/gnuwin/bin/make -C ps7_cortexa9_0/libsrc/uartps_v3_4/src -s include  "SHELL=CMD" "COMPILER=arm-none-eabi-gcc" "ARCHIVER=arm-none-eabi-ar" "COMPILER_FLAGS=  -O2 -c" "EXTRA_COMPILER_FLAGS=-O0 -g3 -DDEBUG -mcpu=cortex-a9 -mfpu=vfpv3 -mfloat-abi=hard -nostartfiles -Wall -Wextra"
"Running Make include in ps7_cortexa9_0/libsrc/usbps_v2_4/src"
C:/Logiciels/Xilinx/SDK/2017.2/gnuwin/bin/make -C ps7_cortexa9_0/libsrc/usbps_v2_4/src -s include  "SHELL=CMD" "COMPILER=arm-none-eabi-gcc" "ARCHIVER=arm-none-eabi-ar" "COMPILER_FLAGS=  -O2 -c" "EXTRA_COMPILER_FLAGS=-O0 -g3 -DDEBUG -mcpu=cortex-a9 -mfpu=vfpv3 -mfloat-abi=hard -nostartfiles -Wall -Wextra"
"Running Make include in ps7_cortexa9_0/libsrc/vtc_v7_2/src"
C:/Logiciels/Xilinx/SDK/2017.2/gnuwin/bin/make -C ps7_cortexa9_0/libsrc/vtc_v7_2/src -s include  "SHELL=CMD" "COMPILER=arm-none-eabi-gcc" "ARCHIVER=arm-none-eabi-ar" "COMPILER_FLAGS=  -O2 -c" "EXTRA_COMPILER_FLAGS=-O0 -g3 -DDEBUG -mcpu=cortex-a9 -mfpu=vfpv3 -mfloat-abi=hard -nostartfiles -Wall -Wextra"
"Running Make include in ps7_cortexa9_0/libsrc/xadcps_v2_2/src"
C:/Logiciels/Xilinx/SDK/2017.2/gnuwin/bin/make -C ps7_cortexa9_0/libsrc/xadcps_v2_2/src -s include  "SHELL=CMD" "COMPILER=arm-none-eabi-gcc" "ARCHIVER=arm-none-eabi-ar" "COMPILER_FLAGS=  -O2 -c" "EXTRA_COMPILER_FLAGS=-O0 -g3 -DDEBUG -mcpu=cortex-a9 -mfpu=vfpv3 -mfloat-abi=hard -nostartfiles -Wall -Wextra"
"Running Make include in ps7_cortexa9_0/libsrc/xilffs_v3_6/src"
C:/Logiciels/Xilinx/SDK/2017.2/gnuwin/bin/make -C ps7_cortexa9_0/libsrc/xilffs_v3_6/src -s include  "SHELL=CMD" "COMPILER=arm-none-eabi-gcc" "ARCHIVER=arm-none-eabi-ar" "COMPILER_FLAGS=  -O2 -c" "EXTRA_COMPILER_FLAGS=-O0 -g3 -DDEBUG -mcpu=cortex-a9 -mfpu=vfpv3 -mfloat-abi=hard -nostartfiles -Wall -Wextra"
"Running Make libs in ps7_cortexa9_0/libsrc/axivdma_v6_3/src"
C:/Logiciels/Xilinx/SDK/2017.2/gnuwin/bin/make -C ps7_cortexa9_0/libsrc/axivdma_v6_3/src -s libs  "SHELL=CMD" "COMPILER=arm-none-eabi-gcc" "ARCHIVER=arm-none-eabi-ar" "COMPILER_FLAGS=  -O2 -c" "EXTRA_COMPILER_FLAGS=-O0 -g3 -DDEBUG -mcpu=cortex-a9 -mfpu=vfpv3 -mfloat-abi=hard -nostartfiles -Wall -Wextra"
"Compiling axivdma"
In file included from xaxivdma_i.h:76:0,
                 from xaxivdma.h:315,
                 from xaxivdma.c:79:
xdebug.h:41:2: warning: #warning DEBUG is enabled [-Wcpp]
 #warning DEBUG is enabled
  ^~~~~~~
xaxivdma.c: In function 'XAxiVdma_CfgInitialize':
xdebug.h:76:32: warning: statement with no effect [-Wunused-value]
 #define xdbg_printf(type, ...) (((type) & xdbg_current_types) ? printf (__VA_ARGS__) : 0)
                                ^
xaxivdma.c:205:4: note: in expansion of macro 'xdbg_printf'
    xdbg_printf(XDBG_DEBUG_GENERAL,
    ^~~~~~~~~~~
xdebug.h:76:32: warning: statement with no effect [-Wunused-value]
 #define xdbg_printf(type, ...) (((type) & xdbg_current_types) ? printf (__VA_ARGS__) : 0)
                                ^
xaxivdma.c:286:4: note: in expansion of macro 'xdbg_printf'
    xdbg_printf(XDBG_DEBUG_GENERAL,
    ^~~~~~~~~~~
xaxivdma.c: In function 'XAxiVdma_SetLineBufThreshold':
xaxivdma.c:560:5: warning: format '%x' expects argument of type 'unsigned int', but argument 2 has type 'u32 {aka long unsigned int}' [-Wformat=]
     "Line Buffer Threshold set to %x\n\r",
     ^
xdebug.h:76:73: note: in definition of macro 'xdbg_printf'
 #define xdbg_printf(type, ...) (((type) & xdbg_current_types) ? printf (__VA_ARGS__) : 0)
                                                                         ^~~~~~~~~~~
xdebug.h:76:32: warning: statement with no effect [-Wunused-value]
 #define xdbg_printf(type, ...) (((type) & xdbg_current_types) ? printf (__VA_ARGS__) : 0)
                                ^
xaxivdma.c:559:4: note: in expansion of macro 'xdbg_printf'
    xdbg_printf(XDBG_DEBUG_GENERAL,
    ^~~~~~~~~~~
In file included from xaxivdma_i.h:76:0,
                 from xaxivdma_channel.c:84:
xdebug.h:41:2: warning: #warning DEBUG is enabled [-Wcpp]
 #warning DEBUG is enabled
  ^~~~~~~
In file included from xaxivdma_i.h:76:0,
                 from xaxivdma.h:315,
                 from xaxivdma_g.c:41:
xdebug.h:41:2: warning: #warning DEBUG is enabled [-Wcpp]
 #warning DEBUG is enabled
  ^~~~~~~
In file included from xaxivdma_i.h:76:0,
                 from xaxivdma.h:315,
                 from xaxivdma_intr.c:61:
xdebug.h:41:2: warning: #warning DEBUG is enabled [-Wcpp]
 #warning DEBUG is enabled
  ^~~~~~~
In file included from xaxivdma_i.h:76:0,
                 from xaxivdma.h:315,
                 from xaxivdma_selftest.c:54:
xdebug.h:41:2: warning: #warning DEBUG is enabled [-Wcpp]
 #warning DEBUG is enabled
  ^~~~~~~
In file included from xaxivdma_i.h:76:0,
                 from xaxivdma.h:315,
                 from xaxivdma_sinit.c:59:
xdebug.h:41:2: warning: #warning DEBUG is enabled [-Wcpp]
 #warning DEBUG is enabled
  ^~~~~~~
arm-none-eabi-ar: creating ../../../lib/libxil.a
"Running Make libs in ps7_cortexa9_0/libsrc/coresightps_dcc_v1_4/src"
C:/Logiciels/Xilinx/SDK/2017.2/gnuwin/bin/make -C ps7_cortexa9_0/libsrc/coresightps_dcc_v1_4/src -s libs  "SHELL=CMD" "COMPILER=arm-none-eabi-gcc" "ARCHIVER=arm-none-eabi-ar" "COMPILER_FLAGS=  -O2 -c" "EXTRA_COMPILER_FLAGS=-O0 -g3 -DDEBUG -mcpu=cortex-a9 -mfpu=vfpv3 -mfloat-abi=hard -nostartfiles -Wall -Wextra"
"Compiling coresightps_dcc"
"Running Make libs in ps7_cortexa9_0/libsrc/cpu_cortexa9_v2_4/src"
C:/Logiciels/Xilinx/SDK/2017.2/gnuwin/bin/make -C ps7_cortexa9_0/libsrc/cpu_cortexa9_v2_4/src -s libs  "SHELL=CMD" "COMPILER=arm-none-eabi-gcc" "ARCHIVER=arm-none-eabi-ar" "COMPILER_FLAGS=  -O2 -c" "EXTRA_COMPILER_FLAGS=-O0 -g3 -DDEBUG -mcpu=cortex-a9 -mfpu=vfpv3 -mfloat-abi=hard -nostartfiles -Wall -Wextra"
"Compiling cpu_cortexa9"
"Running Make libs in ps7_cortexa9_0/libsrc/ddrps_v1_0/src"
C:/Logiciels/Xilinx/SDK/2017.2/gnuwin/bin/make -C ps7_cortexa9_0/libsrc/ddrps_v1_0/src -s libs  "SHELL=CMD" "COMPILER=arm-none-eabi-gcc" "ARCHIVER=arm-none-eabi-ar" "COMPILER_FLAGS=  -O2 -c" "EXTRA_COMPILER_FLAGS=-O0 -g3 -DDEBUG -mcpu=cortex-a9 -mfpu=vfpv3 -mfloat-abi=hard -nostartfiles -Wall -Wextra"
"Compiling ddrps"
"Running Make libs in ps7_cortexa9_0/libsrc/devcfg_v3_4/src"
C:/Logiciels/Xilinx/SDK/2017.2/gnuwin/bin/make -C ps7_cortexa9_0/libsrc/devcfg_v3_4/src -s libs  "SHELL=CMD" "COMPILER=arm-none-eabi-gcc" "ARCHIVER=arm-none-eabi-ar" "COMPILER_FLAGS=  -O2 -c" "EXTRA_COMPILER_FLAGS=-O0 -g3 -DDEBUG -mcpu=cortex-a9 -mfpu=vfpv3 -mfloat-abi=hard -nostartfiles -Wall -Wextra"
"Compiling devcfg"
"Running Make libs in ps7_cortexa9_0/libsrc/dmaps_v2_3/src"
C:/Logiciels/Xilinx/SDK/2017.2/gnuwin/bin/make -C ps7_cortexa9_0/libsrc/dmaps_v2_3/src -s libs  "SHELL=CMD" "COMPILER=arm-none-eabi-gcc" "ARCHIVER=arm-none-eabi-ar" "COMPILER_FLAGS=  -O2 -c" "EXTRA_COMPILER_FLAGS=-O0 -g3 -DDEBUG -mcpu=cortex-a9 -mfpu=vfpv3 -mfloat-abi=hard -nostartfiles -Wall -Wextra"
"Compiling dmaps"
"Running Make libs in ps7_cortexa9_0/libsrc/emacps_v3_4/src"
C:/Logiciels/Xilinx/SDK/2017.2/gnuwin/bin/make -C ps7_cortexa9_0/libsrc/emacps_v3_4/src -s libs  "SHELL=CMD" "COMPILER=arm-none-eabi-gcc" "ARCHIVER=arm-none-eabi-ar" "COMPILER_FLAGS=  -O2 -c" "EXTRA_COMPILER_FLAGS=-O0 -g3 -DDEBUG -mcpu=cortex-a9 -mfpu=vfpv3 -mfloat-abi=hard -nostartfiles -Wall -Wextra"
"Compiling emacps"
"Running Make libs in ps7_cortexa9_0/libsrc/gpiops_v3_3/src"
C:/Logiciels/Xilinx/SDK/2017.2/gnuwin/bin/make -C ps7_cortexa9_0/libsrc/gpiops_v3_3/src -s libs  "SHELL=CMD" "COMPILER=arm-none-eabi-gcc" "ARCHIVER=arm-none-eabi-ar" "COMPILER_FLAGS=  -O2 -c" "EXTRA_COMPILER_FLAGS=-O0 -g3 -DDEBUG -mcpu=cortex-a9 -mfpu=vfpv3 -mfloat-abi=hard -nostartfiles -Wall -Wextra"
"Compiling gpiops"
"Running Make libs in ps7_cortexa9_0/libsrc/iic_v3_4/src"
C:/Logiciels/Xilinx/SDK/2017.2/gnuwin/bin/make -C ps7_cortexa9_0/libsrc/iic_v3_4/src -s libs  "SHELL=CMD" "COMPILER=arm-none-eabi-gcc" "ARCHIVER=arm-none-eabi-ar" "COMPILER_FLAGS=  -O2 -c" "EXTRA_COMPILER_FLAGS=-O0 -g3 -DDEBUG -mcpu=cortex-a9 -mfpu=vfpv3 -mfloat-abi=hard -nostartfiles -Wall -Wextra"
"Compiling iic"
"Running Make libs in ps7_cortexa9_0/libsrc/qspips_v3_3/src"
C:/Logiciels/Xilinx/SDK/2017.2/gnuwin/bin/make -C ps7_cortexa9_0/libsrc/qspips_v3_3/src -s libs  "SHELL=CMD" "COMPILER=arm-none-eabi-gcc" "ARCHIVER=arm-none-eabi-ar" "COMPILER_FLAGS=  -O2 -c" "EXTRA_COMPILER_FLAGS=-O0 -g3 -DDEBUG -mcpu=cortex-a9 -mfpu=vfpv3 -mfloat-abi=hard -nostartfiles -Wall -Wextra"
"Compiling qspips"
"Running Make libs in ps7_cortexa9_0/libsrc/scugic_v3_7/src"
C:/Logiciels/Xilinx/SDK/2017.2/gnuwin/bin/make -C ps7_cortexa9_0/libsrc/scugic_v3_7/src -s libs  "SHELL=CMD" "COMPILER=arm-none-eabi-gcc" "ARCHIVER=arm-none-eabi-ar" "COMPILER_FLAGS=  -O2 -c" "EXTRA_COMPILER_FLAGS=-O0 -g3 -DDEBUG -mcpu=cortex-a9 -mfpu=vfpv3 -mfloat-abi=hard -nostartfiles -Wall -Wextra"
"Compiling scugic"
xscugic_g.c:53:2: warning: missing initializer for field 'HandlerTable' of 'XScuGic_Config {aka struct <anonymous>}' [-Wmissing-field-initializers]
  }
  ^
In file included from xscugic_g.c:41:0:
xscugic.h:218:27: note: 'HandlerTable' declared here
  XScuGic_VectorTableEntry HandlerTable[XSCUGIC_MAX_NUM_INTR_INPUTS];/**<
                           ^~~~~~~~~~~~
"Running Make libs in ps7_cortexa9_0/libsrc/scutimer_v2_1/src"
C:/Logiciels/Xilinx/SDK/2017.2/gnuwin/bin/make -C ps7_cortexa9_0/libsrc/scutimer_v2_1/src -s libs  "SHELL=CMD" "COMPILER=arm-none-eabi-gcc" "ARCHIVER=arm-none-eabi-ar" "COMPILER_FLAGS=  -O2 -c" "EXTRA_COMPILER_FLAGS=-O0 -g3 -DDEBUG -mcpu=cortex-a9 -mfpu=vfpv3 -mfloat-abi=hard -nostartfiles -Wall -Wextra"
"Compiling scutimer"
"Running Make libs in ps7_cortexa9_0/libsrc/scuwdt_v2_1/src"
C:/Logiciels/Xilinx/SDK/2017.2/gnuwin/bin/make -C ps7_cortexa9_0/libsrc/scuwdt_v2_1/src -s libs  "SHELL=CMD" "COMPILER=arm-none-eabi-gcc" "ARCHIVER=arm-none-eabi-ar" "COMPILER_FLAGS=  -O2 -c" "EXTRA_COMPILER_FLAGS=-O0 -g3 -DDEBUG -mcpu=cortex-a9 -mfpu=vfpv3 -mfloat-abi=hard -nostartfiles -Wall -Wextra"
"Compiling scuwdt"
"Running Make libs in ps7_cortexa9_0/libsrc/sdps_v3_2/src"
C:/Logiciels/Xilinx/SDK/2017.2/gnuwin/bin/make -C ps7_cortexa9_0/libsrc/sdps_v3_2/src -s libs  "SHELL=CMD" "COMPILER=arm-none-eabi-gcc" "ARCHIVER=arm-none-eabi-ar" "COMPILER_FLAGS=  -O2 -c" "EXTRA_COMPILER_FLAGS=-O0 -g3 -DDEBUG -mcpu=cortex-a9 -mfpu=vfpv3 -mfloat-abi=hard -nostartfiles -Wall -Wextra"
"Compiling sdps"
"Running Make libs in ps7_cortexa9_0/libsrc/sobel_filter_v1_0/src"
C:/Logiciels/Xilinx/SDK/2017.2/gnuwin/bin/make -C ps7_cortexa9_0/libsrc/sobel_filter_v1_0/src -s libs  "SHELL=CMD" "COMPILER=arm-none-eabi-gcc" "ARCHIVER=arm-none-eabi-ar" "COMPILER_FLAGS=  -O2 -c" "EXTRA_COMPILER_FLAGS=-O0 -g3 -DDEBUG -mcpu=cortex-a9 -mfpu=vfpv3 -mfloat-abi=hard -nostartfiles -Wall -Wextra"
"Compiling sobel_filter"
"Running Make libs in ps7_cortexa9_0/libsrc/standalone_v6_3/src"
C:/Logiciels/Xilinx/SDK/2017.2/gnuwin/bin/make -C ps7_cortexa9_0/libsrc/standalone_v6_3/src -s libs  "SHELL=CMD" "COMPILER=arm-none-eabi-gcc" "ARCHIVER=arm-none-eabi-ar" "COMPILER_FLAGS=  -O2 -c" "EXTRA_COMPILER_FLAGS=-O0 -g3 -DDEBUG -mcpu=cortex-a9 -mfpu=vfpv3 -mfloat-abi=hard -nostartfiles -Wall -Wextra"
"Compiling standalone"
In file included from xil_exception.c:59:0:
xdebug.h:8:2: warning: #warning DEBUG is enabled [-Wcpp]
 #warning DEBUG is enabled
  ^~~~~~~
xil_exception.c: In function 'Xil_DataAbortHandler':
xdebug.h:21:32: warning: statement with no effect [-Wunused-value]
 #define xdbg_printf(type, ...) (((type) & xdbg_current_types) ? printf (__VA_ARGS__) : 0)
                                ^
xil_exception.c:261:9: note: in expansion of macro 'xdbg_printf'
         xdbg_printf(XDBG_DEBUG_ERROR, "Data abort \n");
         ^~~~~~~~~~~
xil_exception.c:270:34: warning: format '%x' expects argument of type 'unsigned int', but argument 2 has type 'u32 {aka long unsigned int}' [-Wformat=]
  xdbg_printf(XDBG_DEBUG_GENERAL, "Data abort with Data Fault Status Register  %x\n",FaultStatus);
                                  ^
xdebug.h:21:73: note: in definition of macro 'xdbg_printf'
 #define xdbg_printf(type, ...) (((type) & xdbg_current_types) ? printf (__VA_ARGS__) : 0)
                                                                         ^~~~~~~~~~~
xil_exception.c:271:34: warning: format '%x' expects argument of type 'unsigned int', but argument 2 has type 'u32 {aka long unsigned int}' [-Wformat=]
  xdbg_printf(XDBG_DEBUG_GENERAL, "Address of Instrcution causing Data abort %x\n",DataAbortAddr);
                                  ^
xdebug.h:21:73: note: in definition of macro 'xdbg_printf'
 #define xdbg_printf(type, ...) (((type) & xdbg_current_types) ? printf (__VA_ARGS__) : 0)
                                                                         ^~~~~~~~~~~
xil_exception.c: In function 'Xil_PrefetchAbortHandler':
xdebug.h:21:32: warning: statement with no effect [-Wunused-value]
 #define xdbg_printf(type, ...) (((type) & xdbg_current_types) ? printf (__VA_ARGS__) : 0)
                                ^
xil_exception.c:296:5: note: in expansion of macro 'xdbg_printf'
     xdbg_printf(XDBG_DEBUG_ERROR, "Prefetch abort \n");
     ^~~~~~~~~~~
xil_exception.c:305:34: warning: format '%x' expects argument of type 'unsigned int', but argument 2 has type 'u32 {aka long unsigned int}' [-Wformat=]
  xdbg_printf(XDBG_DEBUG_GENERAL, "Prefetch abort with Instruction Fault Status Register  %x\n",FaultStatus);
                                  ^
xdebug.h:21:73: note: in definition of macro 'xdbg_printf'
 #define xdbg_printf(type, ...) (((type) & xdbg_current_types) ? printf (__VA_ARGS__) : 0)
                                                                         ^~~~~~~~~~~
xil_exception.c:306:34: warning: format '%x' expects argument of type 'unsigned int', but argument 2 has type 'u32 {aka long unsigned int}' [-Wformat=]
  xdbg_printf(XDBG_DEBUG_GENERAL, "Address of Instrcution causing Prefetch abort %x\n",PrefetchAbortAddr);
                                  ^
xdebug.h:21:73: note: in definition of macro 'xdbg_printf'
 #define xdbg_printf(type, ...) (((type) & xdbg_current_types) ? printf (__VA_ARGS__) : 0)
                                                                         ^~~~~~~~~~~
xil_exception.c: In function 'Xil_UndefinedExceptionHandler':
xil_exception.c:327:34: warning: format '%x' expects argument of type 'unsigned int', but argument 2 has type 'u32 {aka long unsigned int}' [-Wformat=]
  xdbg_printf(XDBG_DEBUG_GENERAL, "Address of the undefined instruction %x\n",UndefinedExceptionAddr);
                                  ^
xdebug.h:21:73: note: in definition of macro 'xdbg_printf'
 #define xdbg_printf(type, ...) (((type) & xdbg_current_types) ? printf (__VA_ARGS__) : 0)
                                                                         ^~~~~~~~~~~
"Running Make libs in ps7_cortexa9_0/libsrc/ttcps_v3_3/src"
C:/Logiciels/Xilinx/SDK/2017.2/gnuwin/bin/make -C ps7_cortexa9_0/libsrc/ttcps_v3_3/src -s libs  "SHELL=CMD" "COMPILER=arm-none-eabi-gcc" "ARCHIVER=arm-none-eabi-ar" "COMPILER_FLAGS=  -O2 -c" "EXTRA_COMPILER_FLAGS=-O0 -g3 -DDEBUG -mcpu=cortex-a9 -mfpu=vfpv3 -mfloat-abi=hard -nostartfiles -Wall -Wextra"
"Compiling ttcps"
"Running Make libs in ps7_cortexa9_0/libsrc/uartps_v3_4/src"
C:/Logiciels/Xilinx/SDK/2017.2/gnuwin/bin/make -C ps7_cortexa9_0/libsrc/uartps_v3_4/src -s libs  "SHELL=CMD" "COMPILER=arm-none-eabi-gcc" "ARCHIVER=arm-none-eabi-ar" "COMPILER_FLAGS=  -O2 -c" "EXTRA_COMPILER_FLAGS=-O0 -g3 -DDEBUG -mcpu=cortex-a9 -mfpu=vfpv3 -mfloat-abi=hard -nostartfiles -Wall -Wextra"
"Compiling uartps"
"Running Make libs in ps7_cortexa9_0/libsrc/usbps_v2_4/src"
C:/Logiciels/Xilinx/SDK/2017.2/gnuwin/bin/make -C ps7_cortexa9_0/libsrc/usbps_v2_4/src -s libs  "SHELL=CMD" "COMPILER=arm-none-eabi-gcc" "ARCHIVER=arm-none-eabi-ar" "COMPILER_FLAGS=  -O2 -c" "EXTRA_COMPILER_FLAGS=-O0 -g3 -DDEBUG -mcpu=cortex-a9 -mfpu=vfpv3 -mfloat-abi=hard -nostartfiles -Wall -Wextra"
"Compiling usbps"
"Running Make libs in ps7_cortexa9_0/libsrc/vtc_v7_2/src"
C:/Logiciels/Xilinx/SDK/2017.2/gnuwin/bin/make -C ps7_cortexa9_0/libsrc/vtc_v7_2/src -s libs  "SHELL=CMD" "COMPILER=arm-none-eabi-gcc" "ARCHIVER=arm-none-eabi-ar" "COMPILER_FLAGS=  -O2 -c" "EXTRA_COMPILER_FLAGS=-O0 -g3 -DDEBUG -mcpu=cortex-a9 -mfpu=vfpv3 -mfloat-abi=hard -nostartfiles -Wall -Wextra"
"Compiling video timing controller"
"Running Make libs in ps7_cortexa9_0/libsrc/xadcps_v2_2/src"
C:/Logiciels/Xilinx/SDK/2017.2/gnuwin/bin/make -C ps7_cortexa9_0/libsrc/xadcps_v2_2/src -s libs  "SHELL=CMD" "COMPILER=arm-none-eabi-gcc" "ARCHIVER=arm-none-eabi-ar" "COMPILER_FLAGS=  -O2 -c" "EXTRA_COMPILER_FLAGS=-O0 -g3 -DDEBUG -mcpu=cortex-a9 -mfpu=vfpv3 -mfloat-abi=hard -nostartfiles -Wall -Wextra"
"Compiling xadcps"
"Running Make libs in ps7_cortexa9_0/libsrc/xilffs_v3_6/src"
C:/Logiciels/Xilinx/SDK/2017.2/gnuwin/bin/make -C ps7_cortexa9_0/libsrc/xilffs_v3_6/src -s libs  "SHELL=CMD" "COMPILER=arm-none-eabi-gcc" "ARCHIVER=arm-none-eabi-ar" "COMPILER_FLAGS=  -O2 -c" "EXTRA_COMPILER_FLAGS=-O0 -g3 -DDEBUG -mcpu=cortex-a9 -mfpu=vfpv3 -mfloat-abi=hard -nostartfiles -Wall -Wextra"
"Compiling XilFFs Library"
diskio.c:135:11: warning: 'ExtCsd' defined but not used [-Wunused-variable]
 static u8 ExtCsd[512] __attribute__ ((aligned(32)));
           ^~~~~~
ff.c: In function 'create_name':
ff.c:2008:9: warning: pointer targets in assignment differ in signedness [-Wpointer-sign]
  for (p = *path; *p == '/' || *p == '\\'; p++) ; /* Strip duplicated separator */
         ^
ff.c:2038:8: warning: pointer targets in assignment differ in signedness [-Wpointer-sign]
  *path = &p[si];      /* Return pointer to the next segment */
        ^
At top level:
ff.c:1550:6: warning: 'gen_numname' defined but not used [-Wunused-function]
 void gen_numname (
      ^~~~~~~~~~~
'Finished building libraries'
13:40:50 **** Build of configuration Debug for project Lab4 ****
make pre-build main-build 
a9-linaro-pre-build-step
 
Building file: ../src/helloworld.c
Invoking: ARM v7 gcc compiler
arm-none-eabi-gcc -Wall -O0 -g3 -c -fmessage-length=0 -MT"src/helloworld.o" -mcpu=cortex-a9 -mfpu=vfpv3 -mfloat-abi=hard -I../../standalone_bsp_0/ps7_cortexa9_0/include -MMD -MP -MF"src/helloworld.d" -MT"src/helloworld.o" -o "src/helloworld.o" "../src/helloworld.c"
Finished building: ../src/helloworld.c
 
Building file: ../src/platform.c
Invoking: ARM v7 gcc compiler
arm-none-eabi-gcc -Wall -O0 -g3 -c -fmessage-length=0 -MT"src/platform.o" -mcpu=cortex-a9 -mfpu=vfpv3 -mfloat-abi=hard -I../../standalone_bsp_0/ps7_cortexa9_0/include -MMD -MP -MF"src/platform.d" -MT"src/platform.o" -o "src/platform.o" "../src/platform.c"
Finished building: ../src/platform.c
 
Building target: Lab4.elf
Invoking: ARM v7 gcc linker
arm-none-eabi-gcc -mcpu=cortex-a9 -mfpu=vfpv3 -mfloat-abi=hard -Wl,-build-id=none -specs=Xilinx.spec -Wl,-T -Wl,../src/lscript.ld -L../../standalone_bsp_0/ps7_cortexa9_0/lib -o "Lab4.elf"  ./src/helloworld.o ./src/platform.o   -Wl,--start-group,-lxil,-lgcc,-lc,--end-group -Wl,--start-group,-lxilffs,-lxil,-lgcc,-lc,--end-group
Finished building target: Lab4.elf
 
Invoking: ARM v7 Print Size
arm-none-eabi-size Lab4.elf  |tee "Lab4.elf.size"
   text	   data	    bss	    dec	    hex	filename
  73944	   2588	  23328	  99860	  18614	Lab4.elf
Finished building: Lab4.elf.size
 
13:42:33 **** Clean-only build of configuration Debug for project Lab4 ****
make clean 
rm -rf  ./src/helloworld.o ./src/platform.o  ./src/helloworld.d ./src/platform.d  Lab4.elf.size  Lab4.elf
 
13:42:33 **** Auto Build of configuration Debug for project Lab4 ****
make pre-build main-build 
a9-linaro-pre-build-step
 
Building file: ../src/hdmi/video_frame_buffer.c
Invoking: ARM v7 gcc compiler
arm-none-eabi-gcc -Wall -O0 -g3 -c -fmessage-length=0 -MT"src/hdmi/video_frame_buffer.o" -mcpu=cortex-a9 -mfpu=vfpv3 -mfloat-abi=hard -I../../standalone_bsp_0/ps7_cortexa9_0/include -MMD -MP -MF"src/hdmi/video_frame_buffer.d" -MT"src/hdmi/video_frame_buffer.o" -o "src/hdmi/video_frame_buffer.o" "../src/hdmi/video_frame_buffer.c"
Finished building: ../src/hdmi/video_frame_buffer.c
 
Building file: ../src/hdmi/video_generator.c
Invoking: ARM v7 gcc compiler
arm-none-eabi-gcc -Wall -O0 -g3 -c -fmessage-length=0 -MT"src/hdmi/video_generator.o" -mcpu=cortex-a9 -mfpu=vfpv3 -mfloat-abi=hard -I../../standalone_bsp_0/ps7_cortexa9_0/include -MMD -MP -MF"src/hdmi/video_generator.d" -MT"src/hdmi/video_generator.o" -o "src/hdmi/video_generator.o" "../src/hdmi/video_generator.c"
Finished building: ../src/hdmi/video_generator.c
 
Building file: ../src/hdmi/video_resolution.c
Invoking: ARM v7 gcc compiler
arm-none-eabi-gcc -Wall -O0 -g3 -c -fmessage-length=0 -MT"src/hdmi/video_resolution.o" -mcpu=cortex-a9 -mfpu=vfpv3 -mfloat-abi=hard -I../../standalone_bsp_0/ps7_cortexa9_0/include -MMD -MP -MF"src/hdmi/video_resolution.d" -MT"src/hdmi/video_resolution.o" -o "src/hdmi/video_resolution.o" "../src/hdmi/video_resolution.c"
Finished building: ../src/hdmi/video_resolution.c
 
Building file: ../src/hdmi/zed_hdmi_display.c
Invoking: ARM v7 gcc compiler
arm-none-eabi-gcc -Wall -O0 -g3 -c -fmessage-length=0 -MT"src/hdmi/zed_hdmi_display.o" -mcpu=cortex-a9 -mfpu=vfpv3 -mfloat-abi=hard -I../../standalone_bsp_0/ps7_cortexa9_0/include -MMD -MP -MF"src/hdmi/zed_hdmi_display.d" -MT"src/hdmi/zed_hdmi_display.o" -o "src/hdmi/zed_hdmi_display.o" "../src/hdmi/zed_hdmi_display.c"
Finished building: ../src/hdmi/zed_hdmi_display.c
 
Building file: ../src/hdmi/zed_iic_axi.c
Invoking: ARM v7 gcc compiler
arm-none-eabi-gcc -Wall -O0 -g3 -c -fmessage-length=0 -MT"src/hdmi/zed_iic_axi.o" -mcpu=cortex-a9 -mfpu=vfpv3 -mfloat-abi=hard -I../../standalone_bsp_0/ps7_cortexa9_0/include -MMD -MP -MF"src/hdmi/zed_iic_axi.d" -MT"src/hdmi/zed_iic_axi.o" -o "src/hdmi/zed_iic_axi.o" "../src/hdmi/zed_iic_axi.c"
Finished building: ../src/hdmi/zed_iic_axi.c
 
Building file: ../src/Sobel.c
Invoking: ARM v7 gcc compiler
arm-none-eabi-gcc -Wall -O0 -g3 -c -fmessage-length=0 -MT"src/Sobel.o" -mcpu=cortex-a9 -mfpu=vfpv3 -mfloat-abi=hard -I../../standalone_bsp_0/ps7_cortexa9_0/include -MMD -MP -MF"src/Sobel.d" -MT"src/Sobel.o" -o "src/Sobel.o" "../src/Sobel.c"
../src/Sobel.c: In function 'sobel_operator':
../src/Sobel.c:18:0: warning: ignoring #pragma HLS inline [-Wunknown-pragmas]
 #pragma HLS inline   // Inliner la fonction lui permet d'être "copiée-collée" là où elle est appellée
 
../src/Sobel.c: In function 'sobel_filter':
../src/Sobel.c:79:0: warning: ignoring #pragma HLS INTERFACE [-Wunknown-pragmas]
 #pragma HLS INTERFACE m_axi port=inter_pix offset=slave
 
../src/Sobel.c:80:0: warning: ignoring #pragma HLS INTERFACE [-Wunknown-pragmas]
 #pragma HLS INTERFACE m_axi port=out_pix offset=slave
 
../src/Sobel.c:81:0: warning: ignoring #pragma HLS INTERFACE [-Wunknown-pragmas]
 #pragma HLS INTERFACE s_axilite port=return
 
Finished building: ../src/Sobel.c
 
Building file: ../src/main.c
Invoking: ARM v7 gcc compiler
arm-none-eabi-gcc -Wall -O0 -g3 -c -fmessage-length=0 -MT"src/main.o" -mcpu=cortex-a9 -mfpu=vfpv3 -mfloat-abi=hard -I../../standalone_bsp_0/ps7_cortexa9_0/include -MMD -MP -MF"src/main.d" -MT"src/main.o" -o "src/main.o" "../src/main.c"
Finished building: ../src/main.c
 
Building file: ../src/platform.c
Invoking: ARM v7 gcc compiler
arm-none-eabi-gcc -Wall -O0 -g3 -c -fmessage-length=0 -MT"src/platform.o" -mcpu=cortex-a9 -mfpu=vfpv3 -mfloat-abi=hard -I../../standalone_bsp_0/ps7_cortexa9_0/include -MMD -MP -MF"src/platform.d" -MT"src/platform.o" -o "src/platform.o" "../src/platform.c"
Finished building: ../src/platform.c
 
Building target: Lab4.elf
Invoking: ARM v7 gcc linker
arm-none-eabi-gcc -mcpu=cortex-a9 -mfpu=vfpv3 -mfloat-abi=hard -Wl,-build-id=none -specs=Xilinx.spec -Wl,-T -Wl,../src/lscript.ld -L../../standalone_bsp_0/ps7_cortexa9_0/lib -o "Lab4.elf"  ./src/hdmi/video_frame_buffer.o ./src/hdmi/video_generator.o ./src/hdmi/video_resolution.o ./src/hdmi/zed_hdmi_display.o ./src/hdmi/zed_iic_axi.o  ./src/Sobel.o ./src/main.o ./src/platform.o   -Wl,--start-group,-lxil,-lgcc,-lc,--end-group -Wl,--start-group,-lxilffs,-lxil,-lgcc,-lc,--end-group
Finished building target: Lab4.elf
 
Invoking: ARM v7 Print Size
arm-none-eabi-size Lab4.elf  |tee "Lab4.elf.size"
   text	   data	    bss	    dec	    hex	filename
 230988	   3276	419447904	419682168	1903d778	Lab4.elf
Finished building: Lab4.elf.size
 
13:56:02 **** Auto Build of configuration Debug for project Lab4 ****
make pre-build main-build 
a9-linaro-pre-build-step
 
Building file: ../src/main.c
Invoking: ARM v7 gcc compiler
arm-none-eabi-gcc -Wall -O0 -g3 -c -fmessage-length=0 -MT"src/main.o" -mcpu=cortex-a9 -mfpu=vfpv3 -mfloat-abi=hard -I../../standalone_bsp_0/ps7_cortexa9_0/include -MMD -MP -MF"src/main.d" -MT"src/main.o" -o "src/main.o" "../src/main.c"
../src/main.c: In function 'doSobel':
../src/main.c:43:2: error: unknown type name 'XSobel_filter'
  XSobel_filter* filter;
  ^~~~~~~~~~~~~
../src/main.c:44:2: warning: implicit declaration of function 'XSobel_filter_Initialize' [-Wimplicit-function-declaration]
  XSobel_filter_Initialize(filter, 0);
  ^~~~~~~~~~~~~~~~~~~~~~~~
../src/main.c:45:10: warning: implicit declaration of function 'XSobel_filter_IsReady' [-Wimplicit-function-declaration]
  while (!XSobel_filter_IsReady(filter));
          ^~~~~~~~~~~~~~~~~~~~~
../src/main.c:51:2: warning: implicit declaration of function 'XSobel_filter_Start' [-Wimplicit-function-declaration]
  XSobel_filter_Start(filter);
  ^~~~~~~~~~~~~~~~~~~
make: *** [src/main.o] Erreur 1
13:57:02 **** Auto Build of configuration Debug for project Lab4 ****
make pre-build main-build 
a9-linaro-pre-build-step
 
Building file: ../src/main.c
Invoking: ARM v7 gcc compiler
arm-none-eabi-gcc -Wall -O0 -g3 -c -fmessage-length=0 -MT"src/main.o" -mcpu=cortex-a9 -mfpu=vfpv3 -mfloat-abi=hard -I../../standalone_bsp_0/ps7_cortexa9_0/include -MMD -MP -MF"src/main.d" -MT"src/main.o" -o "src/main.o" "../src/main.c"
../src/main.c: In function 'doSobel':
../src/main.c:45:2: warning: 'filter' is used uninitialized in this function [-Wuninitialized]
  XSobel_filter_Initialize(filter, 0);
  ^~~~~~~~~~~~~~~~~~~~~~~~~~~~~~~~~~~
Finished building: ../src/main.c
 
Building target: Lab4.elf
Invoking: ARM v7 gcc linker
arm-none-eabi-gcc -mcpu=cortex-a9 -mfpu=vfpv3 -mfloat-abi=hard -Wl,-build-id=none -specs=Xilinx.spec -Wl,-T -Wl,../src/lscript.ld -L../../standalone_bsp_0/ps7_cortexa9_0/lib -o "Lab4.elf"  ./src/hdmi/video_frame_buffer.o ./src/hdmi/video_generator.o ./src/hdmi/video_resolution.o ./src/hdmi/zed_hdmi_display.o ./src/hdmi/zed_iic_axi.o  ./src/Sobel.o ./src/main.o ./src/platform.o   -Wl,--start-group,-lxil,-lgcc,-lc,--end-group -Wl,--start-group,-lxilffs,-lxil,-lgcc,-lc,--end-group
Finished building target: Lab4.elf
 
Invoking: ARM v7 Print Size
arm-none-eabi-size Lab4.elf  |tee "Lab4.elf.size"
   text	   data	    bss	    dec	    hex	filename
 235252	   3284	419447904	419686440	1903e828	Lab4.elf
Finished building: Lab4.elf.size
 
13:58:36 **** Auto Build of configuration Debug for project Lab4 ****
make pre-build main-build 
a9-linaro-pre-build-step
 
Building file: ../src/main.c
Invoking: ARM v7 gcc compiler
arm-none-eabi-gcc -Wall -O0 -g3 -c -fmessage-length=0 -MT"src/main.o" -mcpu=cortex-a9 -mfpu=vfpv3 -mfloat-abi=hard -I../../standalone_bsp_0/ps7_cortexa9_0/include -MMD -MP -MF"src/main.d" -MT"src/main.o" -o "src/main.o" "../src/main.c"
../src/main.c: In function 'doSobel':
../src/main.c:45:2: warning: 'filter' is used uninitialized in this function [-Wuninitialized]
  XSobel_filter_Initialize(filter, 1);
  ^~~~~~~~~~~~~~~~~~~~~~~~~~~~~~~~~~~
Finished building: ../src/main.c
 
Building target: Lab4.elf
Invoking: ARM v7 gcc linker
arm-none-eabi-gcc -mcpu=cortex-a9 -mfpu=vfpv3 -mfloat-abi=hard -Wl,-build-id=none -specs=Xilinx.spec -Wl,-T -Wl,../src/lscript.ld -L../../standalone_bsp_0/ps7_cortexa9_0/lib -o "Lab4.elf"  ./src/hdmi/video_frame_buffer.o ./src/hdmi/video_generator.o ./src/hdmi/video_resolution.o ./src/hdmi/zed_hdmi_display.o ./src/hdmi/zed_iic_axi.o  ./src/Sobel.o ./src/main.o ./src/platform.o   -Wl,--start-group,-lxil,-lgcc,-lc,--end-group -Wl,--start-group,-lxilffs,-lxil,-lgcc,-lc,--end-group
Finished building target: Lab4.elf
 
Invoking: ARM v7 Print Size
arm-none-eabi-size Lab4.elf  |tee "Lab4.elf.size"
   text	   data	    bss	    dec	    hex	filename
 235252	   3284	419447904	419686440	1903e828	Lab4.elf
Finished building: Lab4.elf.size
 
14:05:16 **** Auto Build of configuration Debug for project Lab4 ****
make pre-build main-build 
a9-linaro-pre-build-step
 
Building file: ../src/main.c
Invoking: ARM v7 gcc compiler
arm-none-eabi-gcc -Wall -O0 -g3 -c -fmessage-length=0 -MT"src/main.o" -mcpu=cortex-a9 -mfpu=vfpv3 -mfloat-abi=hard -I../../standalone_bsp_0/ps7_cortexa9_0/include -MMD -MP -MF"src/main.d" -MT"src/main.o" -o "src/main.o" "../src/main.c"
../src/main.c: In function 'doSobel':
../src/main.c:56:22: error: incompatible type for argument 1 of 'XSobel_filter_Start'
  XSobel_filter_Start(filter);
                      ^~~~~~
In file included from ../src/main.c:12:0:
../../standalone_bsp_0/ps7_cortexa9_0/include/xsobel_filter.h:83:6: note: expected 'XSobel_filter * {aka struct <anonymous> *}' but argument is of type 'XSobel_filter {aka struct <anonymous>}'
 void XSobel_filter_Start(XSobel_filter *InstancePtr);
      ^~~~~~~~~~~~~~~~~~~
make: *** [src/main.o] Erreur 1
14:05:20 **** Auto Build of configuration Debug for project Lab4 ****
make pre-build main-build 
a9-linaro-pre-build-step
 
Building file: ../src/main.c
Invoking: ARM v7 gcc compiler
arm-none-eabi-gcc -Wall -O0 -g3 -c -fmessage-length=0 -MT"src/main.o" -mcpu=cortex-a9 -mfpu=vfpv3 -mfloat-abi=hard -I../../standalone_bsp_0/ps7_cortexa9_0/include -MMD -MP -MF"src/main.d" -MT"src/main.o" -o "src/main.o" "../src/main.c"
Finished building: ../src/main.c
 
Building target: Lab4.elf
Invoking: ARM v7 gcc linker
arm-none-eabi-gcc -mcpu=cortex-a9 -mfpu=vfpv3 -mfloat-abi=hard -Wl,-build-id=none -specs=Xilinx.spec -Wl,-T -Wl,../src/lscript.ld -L../../standalone_bsp_0/ps7_cortexa9_0/lib -o "Lab4.elf"  ./src/hdmi/video_frame_buffer.o ./src/hdmi/video_generator.o ./src/hdmi/video_resolution.o ./src/hdmi/zed_hdmi_display.o ./src/hdmi/zed_iic_axi.o  ./src/Sobel.o ./src/main.o ./src/platform.o   -Wl,--start-group,-lxil,-lgcc,-lc,--end-group -Wl,--start-group,-lxilffs,-lxil,-lgcc,-lc,--end-group
Finished building target: Lab4.elf
 
Invoking: ARM v7 Print Size
arm-none-eabi-size Lab4.elf  |tee "Lab4.elf.size"
   text	   data	    bss	    dec	    hex	filename
 234972	   3276	419447904	419686152	1903e708	Lab4.elf
Finished building: Lab4.elf.size
 
14:07:11 **** Auto Build of configuration Debug for project Lab4 ****
make pre-build main-build 
a9-linaro-pre-build-step
 
Building file: ../src/main.c
Invoking: ARM v7 gcc compiler
arm-none-eabi-gcc -Wall -O0 -g3 -c -fmessage-length=0 -MT"src/main.o" -mcpu=cortex-a9 -mfpu=vfpv3 -mfloat-abi=hard -I../../standalone_bsp_0/ps7_cortexa9_0/include -MMD -MP -MF"src/main.d" -MT"src/main.o" -o "src/main.o" "../src/main.c"
../src/main.c: In function 'doSobel':
../src/main.c:50:30: warning: passing argument 1 of 'XSobel_filter_Set_inter_pix' makes pointer from integer without a cast [-Wint-conversion]
  XSobel_filter_Set_inter_pix((unsigned int) img_in);
                              ^
In file included from ../src/main.c:12:0:
../../standalone_bsp_0/ps7_cortexa9_0/include/xsobel_filter.h:90:6: note: expected 'XSobel_filter * {aka struct <anonymous> *}' but argument is of type 'unsigned int'
 void XSobel_filter_Set_inter_pix(XSobel_filter *InstancePtr, u32 Data);
      ^~~~~~~~~~~~~~~~~~~~~~~~~~~
../src/main.c:50:2: error: too few arguments to function 'XSobel_filter_Set_inter_pix'
  XSobel_filter_Set_inter_pix((unsigned int) img_in);
  ^~~~~~~~~~~~~~~~~~~~~~~~~~~
In file included from ../src/main.c:12:0:
../../standalone_bsp_0/ps7_cortexa9_0/include/xsobel_filter.h:90:6: note: declared here
 void XSobel_filter_Set_inter_pix(XSobel_filter *InstancePtr, u32 Data);
      ^~~~~~~~~~~~~~~~~~~~~~~~~~~
../src/main.c:61:9: error: too few arguments to function 'XSobel_filter_IsDone'
  while(!XSobel_filter_IsDone());
         ^~~~~~~~~~~~~~~~~~~~
In file included from ../src/main.c:12:0:
../../standalone_bsp_0/ps7_cortexa9_0/include/xsobel_filter.h:84:5: note: declared here
 u32 XSobel_filter_IsDone(XSobel_filter *InstancePtr);
     ^~~~~~~~~~~~~~~~~~~~
make: *** [src/main.o] Erreur 1
14:07:43 **** Auto Build of configuration Debug for project Lab4 ****
make pre-build main-build 
a9-linaro-pre-build-step
 
Building file: ../src/main.c
Invoking: ARM v7 gcc compiler
arm-none-eabi-gcc -Wall -O0 -g3 -c -fmessage-length=0 -MT"src/main.o" -mcpu=cortex-a9 -mfpu=vfpv3 -mfloat-abi=hard -I../../standalone_bsp_0/ps7_cortexa9_0/include -MMD -MP -MF"src/main.d" -MT"src/main.o" -o "src/main.o" "../src/main.c"
../src/main.c: In function 'doSobel':
../src/main.c:50:30: warning: passing argument 1 of 'XSobel_filter_Set_inter_pix' makes pointer from integer without a cast [-Wint-conversion]
  XSobel_filter_Set_inter_pix((unsigned int) img_in);
                              ^
In file included from ../src/main.c:12:0:
../../standalone_bsp_0/ps7_cortexa9_0/include/xsobel_filter.h:90:6: note: expected 'XSobel_filter * {aka struct <anonymous> *}' but argument is of type 'unsigned int'
 void XSobel_filter_Set_inter_pix(XSobel_filter *InstancePtr, u32 Data);
      ^~~~~~~~~~~~~~~~~~~~~~~~~~~
../src/main.c:50:2: error: too few arguments to function 'XSobel_filter_Set_inter_pix'
  XSobel_filter_Set_inter_pix((unsigned int) img_in);
  ^~~~~~~~~~~~~~~~~~~~~~~~~~~
In file included from ../src/main.c:12:0:
../../standalone_bsp_0/ps7_cortexa9_0/include/xsobel_filter.h:90:6: note: declared here
 void XSobel_filter_Set_inter_pix(XSobel_filter *InstancePtr, u32 Data);
      ^~~~~~~~~~~~~~~~~~~~~~~~~~~
../src/main.c:51:28: warning: passing argument 1 of 'XSobel_filter_Set_out_pix' makes pointer from integer without a cast [-Wint-conversion]
  XSobel_filter_Set_out_pix((unsigned int) img_out);
                            ^
In file included from ../src/main.c:12:0:
../../standalone_bsp_0/ps7_cortexa9_0/include/xsobel_filter.h:92:6: note: expected 'XSobel_filter * {aka struct <anonymous> *}' but argument is of type 'unsigned int'
 void XSobel_filter_Set_out_pix(XSobel_filter *InstancePtr, u32 Data);
      ^~~~~~~~~~~~~~~~~~~~~~~~~
../src/main.c:51:2: error: too few arguments to function 'XSobel_filter_Set_out_pix'
  XSobel_filter_Set_out_pix((unsigned int) img_out);
  ^~~~~~~~~~~~~~~~~~~~~~~~~
In file included from ../src/main.c:12:0:
../../standalone_bsp_0/ps7_cortexa9_0/include/xsobel_filter.h:92:6: note: declared here
 void XSobel_filter_Set_out_pix(XSobel_filter *InstancePtr, u32 Data);
      ^~~~~~~~~~~~~~~~~~~~~~~~~
../src/main.c:62:9: error: too few arguments to function 'XSobel_filter_IsDone'
  while(!XSobel_filter_IsDone());
         ^~~~~~~~~~~~~~~~~~~~
In file included from ../src/main.c:12:0:
../../standalone_bsp_0/ps7_cortexa9_0/include/xsobel_filter.h:84:5: note: declared here
 u32 XSobel_filter_IsDone(XSobel_filter *InstancePtr);
     ^~~~~~~~~~~~~~~~~~~~
make: *** [src/main.o] Erreur 1
14:08:30 **** Auto Build of configuration Debug for project Lab4 ****
make pre-build main-build 
a9-linaro-pre-build-step
 
Building file: ../src/main.c
Invoking: ARM v7 gcc compiler
arm-none-eabi-gcc -Wall -O0 -g3 -c -fmessage-length=0 -MT"src/main.o" -mcpu=cortex-a9 -mfpu=vfpv3 -mfloat-abi=hard -I../../standalone_bsp_0/ps7_cortexa9_0/include -MMD -MP -MF"src/main.d" -MT"src/main.o" -o "src/main.o" "../src/main.c"
../src/main.c: In function 'doSobel':
../src/main.c:50:30: warning: passing argument 1 of 'XSobel_filter_Set_inter_pix' makes pointer from integer without a cast [-Wint-conversion]
  XSobel_filter_Set_inter_pix(*img_in);
                              ^
In file included from ../src/main.c:12:0:
../../standalone_bsp_0/ps7_cortexa9_0/include/xsobel_filter.h:90:6: note: expected 'XSobel_filter * {aka struct <anonymous> *}' but argument is of type 'unsigned int'
 void XSobel_filter_Set_inter_pix(XSobel_filter *InstancePtr, u32 Data);
      ^~~~~~~~~~~~~~~~~~~~~~~~~~~
../src/main.c:50:2: error: too few arguments to function 'XSobel_filter_Set_inter_pix'
  XSobel_filter_Set_inter_pix(*img_in);
  ^~~~~~~~~~~~~~~~~~~~~~~~~~~
In file included from ../src/main.c:12:0:
../../standalone_bsp_0/ps7_cortexa9_0/include/xsobel_filter.h:90:6: note: declared here
 void XSobel_filter_Set_inter_pix(XSobel_filter *InstancePtr, u32 Data);
      ^~~~~~~~~~~~~~~~~~~~~~~~~~~
../src/main.c:51:28: warning: passing argument 1 of 'XSobel_filter_Set_out_pix' makes pointer from integer without a cast [-Wint-conversion]
  XSobel_filter_Set_out_pix(*img_out);
                            ^
In file included from ../src/main.c:12:0:
../../standalone_bsp_0/ps7_cortexa9_0/include/xsobel_filter.h:92:6: note: expected 'XSobel_filter * {aka struct <anonymous> *}' but argument is of type 'unsigned int'
 void XSobel_filter_Set_out_pix(XSobel_filter *InstancePtr, u32 Data);
      ^~~~~~~~~~~~~~~~~~~~~~~~~
../src/main.c:51:2: error: too few arguments to function 'XSobel_filter_Set_out_pix'
  XSobel_filter_Set_out_pix(*img_out);
  ^~~~~~~~~~~~~~~~~~~~~~~~~
In file included from ../src/main.c:12:0:
../../standalone_bsp_0/ps7_cortexa9_0/include/xsobel_filter.h:92:6: note: declared here
 void XSobel_filter_Set_out_pix(XSobel_filter *InstancePtr, u32 Data);
      ^~~~~~~~~~~~~~~~~~~~~~~~~
../src/main.c:62:9: error: too few arguments to function 'XSobel_filter_IsDone'
  while(!XSobel_filter_IsDone());
         ^~~~~~~~~~~~~~~~~~~~
In file included from ../src/main.c:12:0:
../../standalone_bsp_0/ps7_cortexa9_0/include/xsobel_filter.h:84:5: note: declared here
 u32 XSobel_filter_IsDone(XSobel_filter *InstancePtr);
     ^~~~~~~~~~~~~~~~~~~~
make: *** [src/main.o] Erreur 1
14:08:47 **** Auto Build of configuration Debug for project Lab4 ****
make pre-build main-build 
a9-linaro-pre-build-step
 
Building file: ../src/main.c
Invoking: ARM v7 gcc compiler
arm-none-eabi-gcc -Wall -O0 -g3 -c -fmessage-length=0 -MT"src/main.o" -mcpu=cortex-a9 -mfpu=vfpv3 -mfloat-abi=hard -I../../standalone_bsp_0/ps7_cortexa9_0/include -MMD -MP -MF"src/main.d" -MT"src/main.o" -o "src/main.o" "../src/main.c"
../src/main.c: In function 'doSobel':
../src/main.c:62:9: error: too few arguments to function 'XSobel_filter_IsDone'
  while(!XSobel_filter_IsDone());
         ^~~~~~~~~~~~~~~~~~~~
In file included from ../src/main.c:12:0:
../../standalone_bsp_0/ps7_cortexa9_0/include/xsobel_filter.h:84:5: note: declared here
 u32 XSobel_filter_IsDone(XSobel_filter *InstancePtr);
     ^~~~~~~~~~~~~~~~~~~~
make: *** [src/main.o] Erreur 1
14:08:54 **** Auto Build of configuration Debug for project Lab4 ****
make pre-build main-build 
a9-linaro-pre-build-step
 
Building file: ../src/main.c
Invoking: ARM v7 gcc compiler
arm-none-eabi-gcc -Wall -O0 -g3 -c -fmessage-length=0 -MT"src/main.o" -mcpu=cortex-a9 -mfpu=vfpv3 -mfloat-abi=hard -I../../standalone_bsp_0/ps7_cortexa9_0/include -MMD -MP -MF"src/main.d" -MT"src/main.o" -o "src/main.o" "../src/main.c"
Finished building: ../src/main.c
 
Building target: Lab4.elf
Invoking: ARM v7 gcc linker
arm-none-eabi-gcc -mcpu=cortex-a9 -mfpu=vfpv3 -mfloat-abi=hard -Wl,-build-id=none -specs=Xilinx.spec -Wl,-T -Wl,../src/lscript.ld -L../../standalone_bsp_0/ps7_cortexa9_0/lib -o "Lab4.elf"  ./src/hdmi/video_frame_buffer.o ./src/hdmi/video_generator.o ./src/hdmi/video_resolution.o ./src/hdmi/zed_hdmi_display.o ./src/hdmi/zed_iic_axi.o  ./src/Sobel.o ./src/main.o ./src/platform.o   -Wl,--start-group,-lxil,-lgcc,-lc,--end-group -Wl,--start-group,-lxilffs,-lxil,-lgcc,-lc,--end-group
Finished building target: Lab4.elf
 
Invoking: ARM v7 Print Size
arm-none-eabi-size Lab4.elf  |tee "Lab4.elf.size"
   text	   data	    bss	    dec	    hex	filename
 235100	   3276	419447904	419686280	1903e788	Lab4.elf
Finished building: Lab4.elf.size
 
14:09:38 **** Auto Build of configuration Debug for project Lab4 ****
make pre-build main-build 
a9-linaro-pre-build-step
 
Building file: ../src/main.c
Invoking: ARM v7 gcc compiler
arm-none-eabi-gcc -Wall -O0 -g3 -c -fmessage-length=0 -MT"src/main.o" -mcpu=cortex-a9 -mfpu=vfpv3 -mfloat-abi=hard -I../../standalone_bsp_0/ps7_cortexa9_0/include -MMD -MP -MF"src/main.d" -MT"src/main.o" -o "src/main.o" "../src/main.c"
../src/main.c: In function 'main':
../src/main.c:193:29: warning: passing argument 2 of 'doSobel' makes pointer from integer without a cast [-Wint-conversion]
    doSobel((unsigned*)data, (&hdmiConfig)->uBaseAddr_MEM_HdmiDisplay);
                             ^
../src/main.c:39:6: note: expected 'unsigned int *' but argument is of type 'uint32_t {aka long unsigned int}'
 void doSobel(unsigned * img_in, unsigned * img_out)
      ^~~~~~~
Finished building: ../src/main.c
 
Building target: Lab4.elf
Invoking: ARM v7 gcc linker
arm-none-eabi-gcc -mcpu=cortex-a9 -mfpu=vfpv3 -mfloat-abi=hard -Wl,-build-id=none -specs=Xilinx.spec -Wl,-T -Wl,../src/lscript.ld -L../../standalone_bsp_0/ps7_cortexa9_0/lib -o "Lab4.elf"  ./src/hdmi/video_frame_buffer.o ./src/hdmi/video_generator.o ./src/hdmi/video_resolution.o ./src/hdmi/zed_hdmi_display.o ./src/hdmi/zed_iic_axi.o  ./src/Sobel.o ./src/main.o ./src/platform.o   -Wl,--start-group,-lxil,-lgcc,-lc,--end-group -Wl,--start-group,-lxilffs,-lxil,-lgcc,-lc,--end-group
Finished building target: Lab4.elf
 
Invoking: ARM v7 Print Size
arm-none-eabi-size Lab4.elf  |tee "Lab4.elf.size"
   text	   data	    bss	    dec	    hex	filename
 235100	   3276	419447904	419686280	1903e788	Lab4.elf
Finished building: Lab4.elf.size
 
14:09:54 **** Auto Build of configuration Debug for project Lab4 ****
make pre-build main-build 
a9-linaro-pre-build-step
 
Building file: ../src/main.c
Invoking: ARM v7 gcc compiler
arm-none-eabi-gcc -Wall -O0 -g3 -c -fmessage-length=0 -MT"src/main.o" -mcpu=cortex-a9 -mfpu=vfpv3 -mfloat-abi=hard -I../../standalone_bsp_0/ps7_cortexa9_0/include -MMD -MP -MF"src/main.d" -MT"src/main.o" -o "src/main.o" "../src/main.c"
../src/main.c: In function 'main':
../src/main.c:193:33: warning: passing argument 2 of 'doSobel' makes pointer from integer without a cast [-Wint-conversion]
    doSobel((unsigned*)(data+i), (&hdmiConfig)->uBaseAddr_MEM_HdmiDisplay);
                                 ^
../src/main.c:39:6: note: expected 'unsigned int *' but argument is of type 'uint32_t {aka long unsigned int}'
 void doSobel(unsigned * img_in, unsigned * img_out)
      ^~~~~~~
Finished building: ../src/main.c
 
Building target: Lab4.elf
Invoking: ARM v7 gcc linker
arm-none-eabi-gcc -mcpu=cortex-a9 -mfpu=vfpv3 -mfloat-abi=hard -Wl,-build-id=none -specs=Xilinx.spec -Wl,-T -Wl,../src/lscript.ld -L../../standalone_bsp_0/ps7_cortexa9_0/lib -o "Lab4.elf"  ./src/hdmi/video_frame_buffer.o ./src/hdmi/video_generator.o ./src/hdmi/video_resolution.o ./src/hdmi/zed_hdmi_display.o ./src/hdmi/zed_iic_axi.o  ./src/Sobel.o ./src/main.o ./src/platform.o   -Wl,--start-group,-lxil,-lgcc,-lc,--end-group -Wl,--start-group,-lxilffs,-lxil,-lgcc,-lc,--end-group
Finished building target: Lab4.elf
 
Invoking: ARM v7 Print Size
arm-none-eabi-size Lab4.elf  |tee "Lab4.elf.size"
   text	   data	    bss	    dec	    hex	filename
 235100	   3276	419447904	419686280	1903e788	Lab4.elf
Finished building: Lab4.elf.size
 
14:10:04 **** Auto Build of configuration Debug for project Lab4 ****
make pre-build main-build 
a9-linaro-pre-build-step
 
Building file: ../src/main.c
Invoking: ARM v7 gcc compiler
arm-none-eabi-gcc -Wall -O0 -g3 -c -fmessage-length=0 -MT"src/main.o" -mcpu=cortex-a9 -mfpu=vfpv3 -mfloat-abi=hard -I../../standalone_bsp_0/ps7_cortexa9_0/include -MMD -MP -MF"src/main.d" -MT"src/main.o" -o "src/main.o" "../src/main.c"
Finished building: ../src/main.c
 
Building target: Lab4.elf
Invoking: ARM v7 gcc linker
arm-none-eabi-gcc -mcpu=cortex-a9 -mfpu=vfpv3 -mfloat-abi=hard -Wl,-build-id=none -specs=Xilinx.spec -Wl,-T -Wl,../src/lscript.ld -L../../standalone_bsp_0/ps7_cortexa9_0/lib -o "Lab4.elf"  ./src/hdmi/video_frame_buffer.o ./src/hdmi/video_generator.o ./src/hdmi/video_resolution.o ./src/hdmi/zed_hdmi_display.o ./src/hdmi/zed_iic_axi.o  ./src/Sobel.o ./src/main.o ./src/platform.o   -Wl,--start-group,-lxil,-lgcc,-lc,--end-group -Wl,--start-group,-lxilffs,-lxil,-lgcc,-lc,--end-group
Finished building target: Lab4.elf
 
Invoking: ARM v7 Print Size
arm-none-eabi-size Lab4.elf  |tee "Lab4.elf.size"
   text	   data	    bss	    dec	    hex	filename
 235100	   3276	419447904	419686280	1903e788	Lab4.elf
Finished building: Lab4.elf.size
 
14:10:46 **** Incremental Build of configuration Debug for project Lab4 ****
make pre-build main-build 
a9-linaro-pre-build-step
 
make: Rien à faire pour « main-build ».
14:12:39 **** Auto Build of configuration Debug for project Lab4 ****
make pre-build main-build 
a9-linaro-pre-build-step
 
Building file: ../src/main.c
Invoking: ARM v7 gcc compiler
arm-none-eabi-gcc -Wall -O0 -g3 -c -fmessage-length=0 -MT"src/main.o" -mcpu=cortex-a9 -mfpu=vfpv3 -mfloat-abi=hard -I../../standalone_bsp_0/ps7_cortexa9_0/include -MMD -MP -MF"src/main.d" -MT"src/main.o" -o "src/main.o" "../src/main.c"
Finished building: ../src/main.c
 
Building target: Lab4.elf
Invoking: ARM v7 gcc linker
arm-none-eabi-gcc -mcpu=cortex-a9 -mfpu=vfpv3 -mfloat-abi=hard -Wl,-build-id=none -specs=Xilinx.spec -Wl,-T -Wl,../src/lscript.ld -L../../standalone_bsp_0/ps7_cortexa9_0/lib -o "Lab4.elf"  ./src/hdmi/video_frame_buffer.o ./src/hdmi/video_generator.o ./src/hdmi/video_resolution.o ./src/hdmi/zed_hdmi_display.o ./src/hdmi/zed_iic_axi.o  ./src/Sobel.o ./src/main.o ./src/platform.o   -Wl,--start-group,-lxil,-lgcc,-lc,--end-group -Wl,--start-group,-lxilffs,-lxil,-lgcc,-lc,--end-group
Finished building target: Lab4.elf
 
Invoking: ARM v7 Print Size
arm-none-eabi-size Lab4.elf  |tee "Lab4.elf.size"
   text	   data	    bss	    dec	    hex	filename
 235100	   3276	419447904	419686280	1903e788	Lab4.elf
Finished building: Lab4.elf.size
 
14:13:01 **** Incremental Build of configuration Debug for project Lab4 ****
make pre-build main-build 
a9-linaro-pre-build-step
 
make: Rien à faire pour « main-build ».
14:21:24 **** Auto Build of configuration Debug for project Lab4 ****
make pre-build main-build 
a9-linaro-pre-build-step
 
Building file: ../src/main.c
Invoking: ARM v7 gcc compiler
arm-none-eabi-gcc -Wall -O0 -g3 -c -fmessage-length=0 -MT"src/main.o" -mcpu=cortex-a9 -mfpu=vfpv3 -mfloat-abi=hard -I../../standalone_bsp_0/ps7_cortexa9_0/include -MMD -MP -MF"src/main.d" -MT"src/main.o" -o "src/main.o" "../src/main.c"
../src/main.c: In function 'main':
../src/main.c:195:12: warning: passing argument 1 of 'doSobel' from incompatible pointer type [-Wincompatible-pointer-types]
    doSobel((unsigned*)(data+i), (unsigned*)(&hdmiConfig)->uBaseAddr_MEM_HdmiDisplay);
            ^
../src/main.c:39:6: note: expected 'XSobel_filter * {aka struct <anonymous> *}' but argument is of type 'unsigned int *'
 void doSobel(XSobel_filter* filter, unsigned * img_in, unsigned * img_out)
      ^~~~~~~
../src/main.c:195:4: error: too few arguments to function 'doSobel'
    doSobel((unsigned*)(data+i), (unsigned*)(&hdmiConfig)->uBaseAddr_MEM_HdmiDisplay);
    ^~~~~~~
../src/main.c:39:6: note: declared here
 void doSobel(XSobel_filter* filter, unsigned * img_in, unsigned * img_out)
      ^~~~~~~
make: *** [src/main.o] Erreur 1
14:21:32 **** Auto Build of configuration Debug for project Lab4 ****
make pre-build main-build 
a9-linaro-pre-build-step
 
Building file: ../src/main.c
Invoking: ARM v7 gcc compiler
arm-none-eabi-gcc -Wall -O0 -g3 -c -fmessage-length=0 -MT"src/main.o" -mcpu=cortex-a9 -mfpu=vfpv3 -mfloat-abi=hard -I../../standalone_bsp_0/ps7_cortexa9_0/include -MMD -MP -MF"src/main.d" -MT"src/main.o" -o "src/main.o" "../src/main.c"
Finished building: ../src/main.c
 
Building target: Lab4.elf
Invoking: ARM v7 gcc linker
arm-none-eabi-gcc -mcpu=cortex-a9 -mfpu=vfpv3 -mfloat-abi=hard -Wl,-build-id=none -specs=Xilinx.spec -Wl,-T -Wl,../src/lscript.ld -L../../standalone_bsp_0/ps7_cortexa9_0/lib -o "Lab4.elf"  ./src/hdmi/video_frame_buffer.o ./src/hdmi/video_generator.o ./src/hdmi/video_resolution.o ./src/hdmi/zed_hdmi_display.o ./src/hdmi/zed_iic_axi.o  ./src/Sobel.o ./src/main.o ./src/platform.o   -Wl,--start-group,-lxil,-lgcc,-lc,--end-group -Wl,--start-group,-lxilffs,-lxil,-lgcc,-lc,--end-group
Finished building target: Lab4.elf
 
Invoking: ARM v7 Print Size
arm-none-eabi-size Lab4.elf  |tee "Lab4.elf.size"
   text	   data	    bss	    dec	    hex	filename
 235100	   3276	419447904	419686280	1903e788	Lab4.elf
Finished building: Lab4.elf.size
 
14:21:54 **** Incremental Build of configuration Debug for project Lab4 ****
make pre-build main-build 
a9-linaro-pre-build-step
 
make: Rien à faire pour « main-build ».
14:23:18 **** Auto Build of configuration Debug for project Lab4 ****
make pre-build main-build 
a9-linaro-pre-build-step
 
Building file: ../src/main.c
Invoking: ARM v7 gcc compiler
arm-none-eabi-gcc -Wall -O0 -g3 -c -fmessage-length=0 -MT"src/main.o" -mcpu=cortex-a9 -mfpu=vfpv3 -mfloat-abi=hard -I../../standalone_bsp_0/ps7_cortexa9_0/include -MMD -MP -MF"src/main.d" -MT"src/main.o" -o "src/main.o" "../src/main.c"
../src/main.c: In function 'main':
../src/main.c:184:23: warning: unused variable 'filterConfig' [-Wunused-variable]
  XSobel_filter_Config filterConfig;
                       ^~~~~~~~~~~~
Finished building: ../src/main.c
 
Building target: Lab4.elf
Invoking: ARM v7 gcc linker
arm-none-eabi-gcc -mcpu=cortex-a9 -mfpu=vfpv3 -mfloat-abi=hard -Wl,-build-id=none -specs=Xilinx.spec -Wl,-T -Wl,../src/lscript.ld -L../../standalone_bsp_0/ps7_cortexa9_0/lib -o "Lab4.elf"  ./src/hdmi/video_frame_buffer.o ./src/hdmi/video_generator.o ./src/hdmi/video_resolution.o ./src/hdmi/zed_hdmi_display.o ./src/hdmi/zed_iic_axi.o  ./src/Sobel.o ./src/main.o ./src/platform.o   -Wl,--start-group,-lxil,-lgcc,-lc,--end-group -Wl,--start-group,-lxilffs,-lxil,-lgcc,-lc,--end-group
Finished building target: Lab4.elf
 
Invoking: ARM v7 Print Size
arm-none-eabi-size Lab4.elf  |tee "Lab4.elf.size"
   text	   data	    bss	    dec	    hex	filename
 235444	   3284	419447904	419686632	1903e8e8	Lab4.elf
Finished building: Lab4.elf.size
 
14:23:23 **** Auto Build of configuration Debug for project Lab4 ****
make pre-build main-build 
a9-linaro-pre-build-step
 
Building file: ../src/main.c
Invoking: ARM v7 gcc compiler
arm-none-eabi-gcc -Wall -O0 -g3 -c -fmessage-length=0 -MT"src/main.o" -mcpu=cortex-a9 -mfpu=vfpv3 -mfloat-abi=hard -I../../standalone_bsp_0/ps7_cortexa9_0/include -MMD -MP -MF"src/main.d" -MT"src/main.o" -o "src/main.o" "../src/main.c"
Finished building: ../src/main.c
 
Building target: Lab4.elf
Invoking: ARM v7 gcc linker
arm-none-eabi-gcc -mcpu=cortex-a9 -mfpu=vfpv3 -mfloat-abi=hard -Wl,-build-id=none -specs=Xilinx.spec -Wl,-T -Wl,../src/lscript.ld -L../../standalone_bsp_0/ps7_cortexa9_0/lib -o "Lab4.elf"  ./src/hdmi/video_frame_buffer.o ./src/hdmi/video_generator.o ./src/hdmi/video_resolution.o ./src/hdmi/zed_hdmi_display.o ./src/hdmi/zed_iic_axi.o  ./src/Sobel.o ./src/main.o ./src/platform.o   -Wl,--start-group,-lxil,-lgcc,-lc,--end-group -Wl,--start-group,-lxilffs,-lxil,-lgcc,-lc,--end-group
Finished building target: Lab4.elf
 
Invoking: ARM v7 Print Size
arm-none-eabi-size Lab4.elf  |tee "Lab4.elf.size"
   text	   data	    bss	    dec	    hex	filename
 235444	   3284	419447904	419686632	1903e8e8	Lab4.elf
Finished building: Lab4.elf.size
 
14:23:31 **** Incremental Build of configuration Debug for project Lab4 ****
make pre-build main-build 
a9-linaro-pre-build-step
 
make: Rien à faire pour « main-build ».
14:25:05 **** Auto Build of configuration Debug for project Lab4 ****
make pre-build main-build 
a9-linaro-pre-build-step
 
Building file: ../src/main.c
Invoking: ARM v7 gcc compiler
arm-none-eabi-gcc -Wall -O0 -g3 -c -fmessage-length=0 -MT"src/main.o" -mcpu=cortex-a9 -mfpu=vfpv3 -mfloat-abi=hard -I../../standalone_bsp_0/ps7_cortexa9_0/include -MMD -MP -MF"src/main.d" -MT"src/main.o" -o "src/main.o" "../src/main.c"
Finished building: ../src/main.c
 
Building target: Lab4.elf
Invoking: ARM v7 gcc linker
arm-none-eabi-gcc -mcpu=cortex-a9 -mfpu=vfpv3 -mfloat-abi=hard -Wl,-build-id=none -specs=Xilinx.spec -Wl,-T -Wl,../src/lscript.ld -L../../standalone_bsp_0/ps7_cortexa9_0/lib -o "Lab4.elf"  ./src/hdmi/video_frame_buffer.o ./src/hdmi/video_generator.o ./src/hdmi/video_resolution.o ./src/hdmi/zed_hdmi_display.o ./src/hdmi/zed_iic_axi.o  ./src/Sobel.o ./src/main.o ./src/platform.o   -Wl,--start-group,-lxil,-lgcc,-lc,--end-group -Wl,--start-group,-lxilffs,-lxil,-lgcc,-lc,--end-group
Finished building target: Lab4.elf
 
Invoking: ARM v7 Print Size
arm-none-eabi-size Lab4.elf  |tee "Lab4.elf.size"
   text	   data	    bss	    dec	    hex	filename
 235444	   3284	419447904	419686632	1903e8e8	Lab4.elf
Finished building: Lab4.elf.size
 
14:25:29 **** Incremental Build of configuration Debug for project Lab4 ****
make pre-build main-build 
a9-linaro-pre-build-step
 
make: Rien à faire pour « main-build ».
14:25:50 **** Auto Build of configuration Debug for project Lab4 ****
make pre-build main-build 
a9-linaro-pre-build-step
 
Building file: ../src/main.c
Invoking: ARM v7 gcc compiler
arm-none-eabi-gcc -Wall -O0 -g3 -c -fmessage-length=0 -MT"src/main.o" -mcpu=cortex-a9 -mfpu=vfpv3 -mfloat-abi=hard -I../../standalone_bsp_0/ps7_cortexa9_0/include -MMD -MP -MF"src/main.d" -MT"src/main.o" -o "src/main.o" "../src/main.c"
Finished building: ../src/main.c
 
Building target: Lab4.elf
Invoking: ARM v7 gcc linker
arm-none-eabi-gcc -mcpu=cortex-a9 -mfpu=vfpv3 -mfloat-abi=hard -Wl,-build-id=none -specs=Xilinx.spec -Wl,-T -Wl,../src/lscript.ld -L../../standalone_bsp_0/ps7_cortexa9_0/lib -o "Lab4.elf"  ./src/hdmi/video_frame_buffer.o ./src/hdmi/video_generator.o ./src/hdmi/video_resolution.o ./src/hdmi/zed_hdmi_display.o ./src/hdmi/zed_iic_axi.o  ./src/Sobel.o ./src/main.o ./src/platform.o   -Wl,--start-group,-lxil,-lgcc,-lc,--end-group -Wl,--start-group,-lxilffs,-lxil,-lgcc,-lc,--end-group
Finished building target: Lab4.elf
 
Invoking: ARM v7 Print Size
arm-none-eabi-size Lab4.elf  |tee "Lab4.elf.size"
   text	   data	    bss	    dec	    hex	filename
 235444	   3284	419447904	419686632	1903e8e8	Lab4.elf
Finished building: Lab4.elf.size
 
14:25:58 **** Incremental Build of configuration Debug for project Lab4 ****
make pre-build main-build 
a9-linaro-pre-build-step
 
make: Rien à faire pour « main-build ».
14:26:34 **** Incremental Build of configuration Debug for project Lab4 ****
make pre-build main-build 
a9-linaro-pre-build-step
 
make: Rien à faire pour « main-build ».
14:26:54 **** Auto Build of configuration Debug for project Lab4 ****
make pre-build main-build 
a9-linaro-pre-build-step
 
Building file: ../src/main.c
Invoking: ARM v7 gcc compiler
arm-none-eabi-gcc -Wall -O0 -g3 -c -fmessage-length=0 -MT"src/main.o" -mcpu=cortex-a9 -mfpu=vfpv3 -mfloat-abi=hard -I../../standalone_bsp_0/ps7_cortexa9_0/include -MMD -MP -MF"src/main.d" -MT"src/main.o" -o "src/main.o" "../src/main.c"
Finished building: ../src/main.c
 
Building target: Lab4.elf
Invoking: ARM v7 gcc linker
arm-none-eabi-gcc -mcpu=cortex-a9 -mfpu=vfpv3 -mfloat-abi=hard -Wl,-build-id=none -specs=Xilinx.spec -Wl,-T -Wl,../src/lscript.ld -L../../standalone_bsp_0/ps7_cortexa9_0/lib -o "Lab4.elf"  ./src/hdmi/video_frame_buffer.o ./src/hdmi/video_generator.o ./src/hdmi/video_resolution.o ./src/hdmi/zed_hdmi_display.o ./src/hdmi/zed_iic_axi.o  ./src/Sobel.o ./src/main.o ./src/platform.o   -Wl,--start-group,-lxil,-lgcc,-lc,--end-group -Wl,--start-group,-lxilffs,-lxil,-lgcc,-lc,--end-group
Finished building target: Lab4.elf
 
Invoking: ARM v7 Print Size
arm-none-eabi-size Lab4.elf  |tee "Lab4.elf.size"
   text	   data	    bss	    dec	    hex	filename
 235444	   3284	419447904	419686632	1903e8e8	Lab4.elf
Finished building: Lab4.elf.size
 
14:27:03 **** Incremental Build of configuration Debug for project Lab4 ****
make pre-build main-build 
a9-linaro-pre-build-step
 
make: Rien à faire pour « main-build ».
14:31:31 **** Incremental Build of configuration Debug for project Lab4 ****
make pre-build main-build 
a9-linaro-pre-build-step
 
make: Rien à faire pour « main-build ».
14:32:00 **** Incremental Build of configuration Debug for project Lab4 ****
make pre-build main-build 
a9-linaro-pre-build-step
 
make: Rien à faire pour « main-build ».
14:32:35 **** Incremental Build of configuration Debug for project Lab4 ****
make pre-build main-build 
a9-linaro-pre-build-step
 
make: Rien à faire pour « main-build ».
14:33:15 **** Incremental Build of configuration Debug for project Lab4 ****
make pre-build main-build 
a9-linaro-pre-build-step
 
make: Rien à faire pour « main-build ».
14:35:02 **** Incremental Build of configuration Debug for project Lab4 ****
make pre-build main-build 
a9-linaro-pre-build-step
 
make: Rien à faire pour « main-build ».
14:37:04 **** Incremental Build of configuration Debug for project Lab4 ****
make pre-build main-build 
a9-linaro-pre-build-step
 
make: Rien à faire pour « main-build ».
14:44:23 **** Auto Build of configuration Debug for project Lab4 ****
make pre-build main-build 
a9-linaro-pre-build-step
 
Building file: ../src/main.c
Invoking: ARM v7 gcc compiler
arm-none-eabi-gcc -Wall -O0 -g3 -c -fmessage-length=0 -MT"src/main.o" -mcpu=cortex-a9 -mfpu=vfpv3 -mfloat-abi=hard -I../../standalone_bsp_0/ps7_cortexa9_0/include -MMD -MP -MF"src/main.d" -MT"src/main.o" -o "src/main.o" "../src/main.c"
../src/main.c: In function 'main':
../src/main.c:193:64: error: invalid type argument of '->' (have 'zed_hdmi_display_t {aka struct struct_zed_hdmi_display_t}')
    doSobel(&filter, (unsigned*)(data+i), (unsigned)(hdmiConfig)->uBaseAddr_MEM_HdmiDisplay);
                                                                ^~
../src/main.c:193:21: warning: passing argument 2 of 'doSobel' makes integer from pointer without a cast [-Wint-conversion]
    doSobel(&filter, (unsigned*)(data+i), (unsigned)(hdmiConfig)->uBaseAddr_MEM_HdmiDisplay);
                     ^
../src/main.c:39:6: note: expected 'unsigned int' but argument is of type 'unsigned int *'
 void doSobel(XSobel_filter* filter, unsigned img_in, unsigned img_out)
      ^~~~~~~
make: *** [src/main.o] Erreur 1
14:44:44 **** Auto Build of configuration Debug for project Lab4 ****
make pre-build main-build 
a9-linaro-pre-build-step
 
Building file: ../src/main.c
Invoking: ARM v7 gcc compiler
arm-none-eabi-gcc -Wall -O0 -g3 -c -fmessage-length=0 -MT"src/main.o" -mcpu=cortex-a9 -mfpu=vfpv3 -mfloat-abi=hard -I../../standalone_bsp_0/ps7_cortexa9_0/include -MMD -MP -MF"src/main.d" -MT"src/main.o" -o "src/main.o" "../src/main.c"
../src/main.c: In function 'main':
../src/main.c:193:64: error: invalid type argument of '->' (have 'zed_hdmi_display_t {aka struct struct_zed_hdmi_display_t}')
    doSobel(&filter, (unsigned)(&data+i), (unsigned)(hdmiConfig)->uBaseAddr_MEM_HdmiDisplay);
                                                                ^~
make: *** [src/main.o] Erreur 1
14:45:08 **** Auto Build of configuration Debug for project Lab4 ****
make pre-build main-build 
a9-linaro-pre-build-step
 
Building file: ../src/main.c
Invoking: ARM v7 gcc compiler
arm-none-eabi-gcc -Wall -O0 -g3 -c -fmessage-length=0 -MT"src/main.o" -mcpu=cortex-a9 -mfpu=vfpv3 -mfloat-abi=hard -I../../standalone_bsp_0/ps7_cortexa9_0/include -MMD -MP -MF"src/main.d" -MT"src/main.o" -o "src/main.o" "../src/main.c"
../src/main.c: In function 'main':
../src/main.c:193:64: error: invalid type argument of '->' (have 'zed_hdmi_display_t {aka struct struct_zed_hdmi_display_t}')
    doSobel(&filter, (unsigned)*(data+i), (unsigned)(hdmiConfig)->uBaseAddr_MEM_HdmiDisplay);
                                                                ^~
make: *** [src/main.o] Erreur 1
14:45:23 **** Auto Build of configuration Debug for project Lab4 ****
make pre-build main-build 
a9-linaro-pre-build-step
 
Building file: ../src/main.c
Invoking: ARM v7 gcc compiler
arm-none-eabi-gcc -Wall -O0 -g3 -c -fmessage-length=0 -MT"src/main.o" -mcpu=cortex-a9 -mfpu=vfpv3 -mfloat-abi=hard -I../../standalone_bsp_0/ps7_cortexa9_0/include -MMD -MP -MF"src/main.d" -MT"src/main.o" -o "src/main.o" "../src/main.c"
Finished building: ../src/main.c
 
Building target: Lab4.elf
Invoking: ARM v7 gcc linker
arm-none-eabi-gcc -mcpu=cortex-a9 -mfpu=vfpv3 -mfloat-abi=hard -Wl,-build-id=none -specs=Xilinx.spec -Wl,-T -Wl,../src/lscript.ld -L../../standalone_bsp_0/ps7_cortexa9_0/lib -o "Lab4.elf"  ./src/hdmi/video_frame_buffer.o ./src/hdmi/video_generator.o ./src/hdmi/video_resolution.o ./src/hdmi/zed_hdmi_display.o ./src/hdmi/zed_iic_axi.o  ./src/Sobel.o ./src/main.o ./src/platform.o   -Wl,--start-group,-lxil,-lgcc,-lc,--end-group -Wl,--start-group,-lxilffs,-lxil,-lgcc,-lc,--end-group
Finished building target: Lab4.elf
 
Invoking: ARM v7 Print Size
arm-none-eabi-size Lab4.elf  |tee "Lab4.elf.size"
   text	   data	    bss	    dec	    hex	filename
 235444	   3284	419447904	419686632	1903e8e8	Lab4.elf
Finished building: Lab4.elf.size
 
14:45:40 **** Incremental Build of configuration Debug for project Lab4 ****
make pre-build main-build 
a9-linaro-pre-build-step
 
make: Rien à faire pour « main-build ».
14:47:52 **** Incremental Build of configuration Debug for project Lab4 ****
make pre-build main-build 
a9-linaro-pre-build-step
 
make: Rien à faire pour « main-build ».
15:41:10 **** Incremental Build of configuration Debug for project Lab4 ****
make pre-build main-build 
a9-linaro-pre-build-step
 
make: Rien à faire pour « main-build ».
15:41:50 **** Incremental Build of configuration Debug for project Lab4 ****
make pre-build main-build 
a9-linaro-pre-build-step
 
make: Rien à faire pour « main-build ».
15:42:37 **** Incremental Build of configuration Debug for project Lab4 ****
make pre-build main-build 
a9-linaro-pre-build-step
 
make: Rien à faire pour « main-build ».
15:48:26 **** Auto Build of configuration Debug for project Lab4 ****
make pre-build main-build 
a9-linaro-pre-build-step
 
Building file: ../src/main.c
Invoking: ARM v7 gcc compiler
arm-none-eabi-gcc -Wall -O0 -g3 -c -fmessage-length=0 -MT"src/main.o" -mcpu=cortex-a9 -mfpu=vfpv3 -mfloat-abi=hard -I../../standalone_bsp_0/ps7_cortexa9_0/include -MMD -MP -MF"src/main.d" -MT"src/main.o" -o "src/main.o" "../src/main.c"
../src/main.c: In function 'main':
../src/main.c:186:28: error: incompatible type for argument 1 of 'XSobel_filter_Set_out_pix'
  XSobel_filter_Set_out_pix(filter, hdmiConfig.uBaseAddr_MEM_HdmiDisplay);
                            ^~~~~~
In file included from ../src/main.c:12:0:
../../standalone_bsp_0/ps7_cortexa9_0/include/xsobel_filter.h:92:6: note: expected 'XSobel_filter * {aka struct <anonymous> *}' but argument is of type 'XSobel_filter {aka struct <anonymous>}'
 void XSobel_filter_Set_out_pix(XSobel_filter *InstancePtr, u32 Data);
      ^~~~~~~~~~~~~~~~~~~~~~~~~
../src/main.c:194:32: error: incompatible type for argument 1 of 'XSobel_filter_Set_inter_pix'
    XSobel_filter_Set_inter_pix(filter, data+i);
                                ^~~~~~
In file included from ../src/main.c:12:0:
../../standalone_bsp_0/ps7_cortexa9_0/include/xsobel_filter.h:90:6: note: expected 'XSobel_filter * {aka struct <anonymous> *}' but argument is of type 'XSobel_filter {aka struct <anonymous>}'
 void XSobel_filter_Set_inter_pix(XSobel_filter *InstancePtr, u32 Data);
      ^~~~~~~~~~~~~~~~~~~~~~~~~~~
../src/main.c:194:40: warning: passing argument 2 of 'XSobel_filter_Set_inter_pix' makes integer from pointer without a cast [-Wint-conversion]
    XSobel_filter_Set_inter_pix(filter, data+i);
                                        ^~~~
In file included from ../src/main.c:12:0:
../../standalone_bsp_0/ps7_cortexa9_0/include/xsobel_filter.h:90:6: note: expected 'u32 {aka long unsigned int}' but argument is of type 'uint8_t * {aka unsigned char *}'
 void XSobel_filter_Set_inter_pix(XSobel_filter *InstancePtr, u32 Data);
      ^~~~~~~~~~~~~~~~~~~~~~~~~~~
make: *** [src/main.o] Erreur 1
15:48:39 **** Auto Build of configuration Debug for project Lab4 ****
make pre-build main-build 
a9-linaro-pre-build-step
 
Building file: ../src/main.c
Invoking: ARM v7 gcc compiler
arm-none-eabi-gcc -Wall -O0 -g3 -c -fmessage-length=0 -MT"src/main.o" -mcpu=cortex-a9 -mfpu=vfpv3 -mfloat-abi=hard -I../../standalone_bsp_0/ps7_cortexa9_0/include -MMD -MP -MF"src/main.d" -MT"src/main.o" -o "src/main.o" "../src/main.c"
../src/main.c: In function 'main':
../src/main.c:194:41: warning: passing argument 2 of 'XSobel_filter_Set_inter_pix' makes integer from pointer without a cast [-Wint-conversion]
    XSobel_filter_Set_inter_pix(&filter, data+i);
                                         ^~~~
In file included from ../src/main.c:12:0:
../../standalone_bsp_0/ps7_cortexa9_0/include/xsobel_filter.h:90:6: note: expected 'u32 {aka long unsigned int}' but argument is of type 'uint8_t * {aka unsigned char *}'
 void XSobel_filter_Set_inter_pix(XSobel_filter *InstancePtr, u32 Data);
      ^~~~~~~~~~~~~~~~~~~~~~~~~~~
Finished building: ../src/main.c
 
Building target: Lab4.elf
Invoking: ARM v7 gcc linker
arm-none-eabi-gcc -mcpu=cortex-a9 -mfpu=vfpv3 -mfloat-abi=hard -Wl,-build-id=none -specs=Xilinx.spec -Wl,-T -Wl,../src/lscript.ld -L../../standalone_bsp_0/ps7_cortexa9_0/lib -o "Lab4.elf"  ./src/hdmi/video_frame_buffer.o ./src/hdmi/video_generator.o ./src/hdmi/video_resolution.o ./src/hdmi/zed_hdmi_display.o ./src/hdmi/zed_iic_axi.o  ./src/Sobel.o ./src/main.o ./src/platform.o   -Wl,--start-group,-lxil,-lgcc,-lc,--end-group -Wl,--start-group,-lxilffs,-lxil,-lgcc,-lc,--end-group
Finished building target: Lab4.elf
 
Invoking: ARM v7 Print Size
arm-none-eabi-size Lab4.elf  |tee "Lab4.elf.size"
   text	   data	    bss	    dec	    hex	filename
 235444	   3284	419447904	419686632	1903e8e8	Lab4.elf
Finished building: Lab4.elf.size
 
15:49:58 **** Auto Build of configuration Debug for project Lab4 ****
make pre-build main-build 
a9-linaro-pre-build-step
 
Building file: ../src/main.c
Invoking: ARM v7 gcc compiler
arm-none-eabi-gcc -Wall -O0 -g3 -c -fmessage-length=0 -MT"src/main.o" -mcpu=cortex-a9 -mfpu=vfpv3 -mfloat-abi=hard -I../../standalone_bsp_0/ps7_cortexa9_0/include -MMD -MP -MF"src/main.d" -MT"src/main.o" -o "src/main.o" "../src/main.c"
Finished building: ../src/main.c
 
Building target: Lab4.elf
Invoking: ARM v7 gcc linker
arm-none-eabi-gcc -mcpu=cortex-a9 -mfpu=vfpv3 -mfloat-abi=hard -Wl,-build-id=none -specs=Xilinx.spec -Wl,-T -Wl,../src/lscript.ld -L../../standalone_bsp_0/ps7_cortexa9_0/lib -o "Lab4.elf"  ./src/hdmi/video_frame_buffer.o ./src/hdmi/video_generator.o ./src/hdmi/video_resolution.o ./src/hdmi/zed_hdmi_display.o ./src/hdmi/zed_iic_axi.o  ./src/Sobel.o ./src/main.o ./src/platform.o   -Wl,--start-group,-lxil,-lgcc,-lc,--end-group -Wl,--start-group,-lxilffs,-lxil,-lgcc,-lc,--end-group
Finished building target: Lab4.elf
 
Invoking: ARM v7 Print Size
arm-none-eabi-size Lab4.elf  |tee "Lab4.elf.size"
   text	   data	    bss	    dec	    hex	filename
 235444	   3284	419447904	419686632	1903e8e8	Lab4.elf
Finished building: Lab4.elf.size
 
15:50:15 **** Incremental Build of configuration Debug for project Lab4 ****
make pre-build main-build 
a9-linaro-pre-build-step
 
make: Rien à faire pour « main-build ».
15:51:25 **** Incremental Build of configuration Debug for project Lab4 ****
make pre-build main-build 
a9-linaro-pre-build-step
 
make: Rien à faire pour « main-build ».
15:52:05 **** Auto Build of configuration Debug for project Lab4 ****
make pre-build main-build 
a9-linaro-pre-build-step
 
Building file: ../src/main.c
Invoking: ARM v7 gcc compiler
arm-none-eabi-gcc -Wall -O0 -g3 -c -fmessage-length=0 -MT"src/main.o" -mcpu=cortex-a9 -mfpu=vfpv3 -mfloat-abi=hard -I../../standalone_bsp_0/ps7_cortexa9_0/include -MMD -MP -MF"src/main.d" -MT"src/main.o" -o "src/main.o" "../src/main.c"
Finished building: ../src/main.c
 
Building target: Lab4.elf
Invoking: ARM v7 gcc linker
arm-none-eabi-gcc -mcpu=cortex-a9 -mfpu=vfpv3 -mfloat-abi=hard -Wl,-build-id=none -specs=Xilinx.spec -Wl,-T -Wl,../src/lscript.ld -L../../standalone_bsp_0/ps7_cortexa9_0/lib -o "Lab4.elf"  ./src/hdmi/video_frame_buffer.o ./src/hdmi/video_generator.o ./src/hdmi/video_resolution.o ./src/hdmi/zed_hdmi_display.o ./src/hdmi/zed_iic_axi.o  ./src/Sobel.o ./src/main.o ./src/platform.o   -Wl,--start-group,-lxil,-lgcc,-lc,--end-group -Wl,--start-group,-lxilffs,-lxil,-lgcc,-lc,--end-group
Finished building target: Lab4.elf
 
Invoking: ARM v7 Print Size
arm-none-eabi-size Lab4.elf  |tee "Lab4.elf.size"
   text	   data	    bss	    dec	    hex	filename
 235444	   3284	419447904	419686632	1903e8e8	Lab4.elf
Finished building: Lab4.elf.size
 
15:52:14 **** Incremental Build of configuration Debug for project Lab4 ****
make pre-build main-build 
a9-linaro-pre-build-step
 
make: Rien à faire pour « main-build ».
15:53:03 **** Auto Build of configuration Debug for project Lab4 ****
make pre-build main-build 
a9-linaro-pre-build-step
 
Building file: ../src/main.c
Invoking: ARM v7 gcc compiler
arm-none-eabi-gcc -Wall -O0 -g3 -c -fmessage-length=0 -MT"src/main.o" -mcpu=cortex-a9 -mfpu=vfpv3 -mfloat-abi=hard -I../../standalone_bsp_0/ps7_cortexa9_0/include -MMD -MP -MF"src/main.d" -MT"src/main.o" -o "src/main.o" "../src/main.c"
../src/main.c: In function 'main':
../src/main.c:189:41: warning: passing argument 2 of 'XSobel_filter_Set_inter_pix' makes integer from pointer without a cast [-Wint-conversion]
    XSobel_filter_Set_inter_pix(&filter, data+i);
                                         ^~~~
In file included from ../src/main.c:12:0:
../../standalone_bsp_0/ps7_cortexa9_0/include/xsobel_filter.h:90:6: note: expected 'u32 {aka long unsigned int}' but argument is of type 'uint8_t * {aka unsigned char *}'
 void XSobel_filter_Set_inter_pix(XSobel_filter *InstancePtr, u32 Data);
      ^~~~~~~~~~~~~~~~~~~~~~~~~~~
Finished building: ../src/main.c
 
Building target: Lab4.elf
Invoking: ARM v7 gcc linker
arm-none-eabi-gcc -mcpu=cortex-a9 -mfpu=vfpv3 -mfloat-abi=hard -Wl,-build-id=none -specs=Xilinx.spec -Wl,-T -Wl,../src/lscript.ld -L../../standalone_bsp_0/ps7_cortexa9_0/lib -o "Lab4.elf"  ./src/hdmi/video_frame_buffer.o ./src/hdmi/video_generator.o ./src/hdmi/video_resolution.o ./src/hdmi/zed_hdmi_display.o ./src/hdmi/zed_iic_axi.o  ./src/Sobel.o ./src/main.o ./src/platform.o   -Wl,--start-group,-lxil,-lgcc,-lc,--end-group -Wl,--start-group,-lxilffs,-lxil,-lgcc,-lc,--end-group
Finished building target: Lab4.elf
 
Invoking: ARM v7 Print Size
arm-none-eabi-size Lab4.elf  |tee "Lab4.elf.size"
   text	   data	    bss	    dec	    hex	filename
 235444	   3284	419447904	419686632	1903e8e8	Lab4.elf
Finished building: Lab4.elf.size
 
15:53:12 **** Incremental Build of configuration Debug for project Lab4 ****
make pre-build main-build 
a9-linaro-pre-build-step
 
make: Rien à faire pour « main-build ».
15:53:39 **** Incremental Build of configuration Debug for project Lab4 ****
make pre-build main-build 
a9-linaro-pre-build-step
 
make: Rien à faire pour « main-build ».
15:54:55 **** Auto Build of configuration Debug for project Lab4 ****
make pre-build main-build 
a9-linaro-pre-build-step
 
Building file: ../src/main.c
Invoking: ARM v7 gcc compiler
arm-none-eabi-gcc -Wall -O0 -g3 -c -fmessage-length=0 -MT"src/main.o" -mcpu=cortex-a9 -mfpu=vfpv3 -mfloat-abi=hard -I../../standalone_bsp_0/ps7_cortexa9_0/include -MMD -MP -MF"src/main.d" -MT"src/main.o" -o "src/main.o" "../src/main.c"
Finished building: ../src/main.c
 
Building target: Lab4.elf
Invoking: ARM v7 gcc linker
arm-none-eabi-gcc -mcpu=cortex-a9 -mfpu=vfpv3 -mfloat-abi=hard -Wl,-build-id=none -specs=Xilinx.spec -Wl,-T -Wl,../src/lscript.ld -L../../standalone_bsp_0/ps7_cortexa9_0/lib -o "Lab4.elf"  ./src/hdmi/video_frame_buffer.o ./src/hdmi/video_generator.o ./src/hdmi/video_resolution.o ./src/hdmi/zed_hdmi_display.o ./src/hdmi/zed_iic_axi.o  ./src/Sobel.o ./src/main.o ./src/platform.o   -Wl,--start-group,-lxil,-lgcc,-lc,--end-group -Wl,--start-group,-lxilffs,-lxil,-lgcc,-lc,--end-group
Finished building target: Lab4.elf
 
Invoking: ARM v7 Print Size
arm-none-eabi-size Lab4.elf  |tee "Lab4.elf.size"
   text	   data	    bss	    dec	    hex	filename
 235444	   3284	419447904	419686632	1903e8e8	Lab4.elf
Finished building: Lab4.elf.size
 
15:55:06 **** Incremental Build of configuration Debug for project Lab4 ****
make pre-build main-build 
a9-linaro-pre-build-step
 
make: Rien à faire pour « main-build ».
15:55:33 **** Incremental Build of configuration Debug for project Lab4 ****
make pre-build main-build 
a9-linaro-pre-build-step
 
make: Rien à faire pour « main-build ».
15:57:00 **** Auto Build of configuration Debug for project Lab4 ****
make pre-build main-build 
a9-linaro-pre-build-step
 
Building file: ../src/main.c
Invoking: ARM v7 gcc compiler
arm-none-eabi-gcc -Wall -O0 -g3 -c -fmessage-length=0 -MT"src/main.o" -mcpu=cortex-a9 -mfpu=vfpv3 -mfloat-abi=hard -I../../standalone_bsp_0/ps7_cortexa9_0/include -MMD -MP -MF"src/main.d" -MT"src/main.o" -o "src/main.o" "../src/main.c"
../src/main.c: In function 'main':
../src/main.c:191:41: warning: passing argument 2 of 'XSobel_filter_Set_inter_pix' makes integer from pointer without a cast [-Wint-conversion]
    XSobel_filter_Set_inter_pix(&filter, &pixel);
                                         ^
In file included from ../src/main.c:12:0:
../../standalone_bsp_0/ps7_cortexa9_0/include/xsobel_filter.h:90:6: note: expected 'u32 {aka long unsigned int}' but argument is of type 'unsigned int **'
 void XSobel_filter_Set_inter_pix(XSobel_filter *InstancePtr, u32 Data);
      ^~~~~~~~~~~~~~~~~~~~~~~~~~~
Finished building: ../src/main.c
 
Building target: Lab4.elf
[...]
xdebug.h:76:32: warning: statement with no effect [-Wunused-value]
 #define xdbg_printf(type, ...) (((type) & xdbg_current_types) ? printf (__VA_ARGS__) : 0)
                                ^
xaxivdma.c:205:4: note: in expansion of macro 'xdbg_printf'
    xdbg_printf(XDBG_DEBUG_GENERAL,
    ^~~~~~~~~~~
xdebug.h:76:32: warning: statement with no effect [-Wunused-value]
 #define xdbg_printf(type, ...) (((type) & xdbg_current_types) ? printf (__VA_ARGS__) : 0)
                                ^
xaxivdma.c:286:4: note: in expansion of macro 'xdbg_printf'
    xdbg_printf(XDBG_DEBUG_GENERAL,
    ^~~~~~~~~~~
xaxivdma.c: In function 'XAxiVdma_SetLineBufThreshold':
xaxivdma.c:560:5: warning: format '%x' expects argument of type 'unsigned int', but argument 2 has type 'u32 {aka long unsigned int}' [-Wformat=]
     "Line Buffer Threshold set to %x\n\r",
     ^
xdebug.h:76:73: note: in definition of macro 'xdbg_printf'
 #define xdbg_printf(type, ...) (((type) & xdbg_current_types) ? printf (__VA_ARGS__) : 0)
                                                                         ^~~~~~~~~~~
xdebug.h:76:32: warning: statement with no effect [-Wunused-value]
 #define xdbg_printf(type, ...) (((type) & xdbg_current_types) ? printf (__VA_ARGS__) : 0)
                                ^
xaxivdma.c:559:4: note: in expansion of macro 'xdbg_printf'
    xdbg_printf(XDBG_DEBUG_GENERAL,
    ^~~~~~~~~~~
In file included from xaxivdma_i.h:76:0,
                 from xaxivdma_channel.c:84:
xdebug.h:41:2: warning: #warning DEBUG is enabled [-Wcpp]
 #warning DEBUG is enabled
  ^~~~~~~
In file included from xaxivdma_i.h:76:0,
                 from xaxivdma.h:315,
                 from xaxivdma_g.c:41:
xdebug.h:41:2: warning: #warning DEBUG is enabled [-Wcpp]
 #warning DEBUG is enabled
  ^~~~~~~
In file included from xaxivdma_i.h:76:0,
                 from xaxivdma.h:315,
                 from xaxivdma_intr.c:61:
xdebug.h:41:2: warning: #warning DEBUG is enabled [-Wcpp]
 #warning DEBUG is enabled
  ^~~~~~~
In file included from xaxivdma_i.h:76:0,
                 from xaxivdma.h:315,
                 from xaxivdma_selftest.c:54:
xdebug.h:41:2: warning: #warning DEBUG is enabled [-Wcpp]
 #warning DEBUG is enabled
  ^~~~~~~
In file included from xaxivdma_i.h:76:0,
                 from xaxivdma.h:315,
                 from xaxivdma_sinit.c:59:
xdebug.h:41:2: warning: #warning DEBUG is enabled [-Wcpp]
 #warning DEBUG is enabled
  ^~~~~~~
arm-none-eabi-ar: creating ../../../lib/libxil.a
"Running Make libs in ps7_cortexa9_0/libsrc/coresightps_dcc_v1_4/src"
C:/Logiciels/Xilinx/SDK/2017.2/gnuwin/bin/make -C ps7_cortexa9_0/libsrc/coresightps_dcc_v1_4/src -s libs  "SHELL=CMD" "COMPILER=arm-none-eabi-gcc" "ARCHIVER=arm-none-eabi-ar" "COMPILER_FLAGS=  -O2 -c" "EXTRA_COMPILER_FLAGS=-O0 -g3 -DDEBUG -mcpu=cortex-a9 -mfpu=vfpv3 -mfloat-abi=hard -nostartfiles -Wall -Wextra"
"Compiling coresightps_dcc"
"Running Make libs in ps7_cortexa9_0/libsrc/cpu_cortexa9_v2_4/src"
C:/Logiciels/Xilinx/SDK/2017.2/gnuwin/bin/make -C ps7_cortexa9_0/libsrc/cpu_cortexa9_v2_4/src -s libs  "SHELL=CMD" "COMPILER=arm-none-eabi-gcc" "ARCHIVER=arm-none-eabi-ar" "COMPILER_FLAGS=  -O2 -c" "EXTRA_COMPILER_FLAGS=-O0 -g3 -DDEBUG -mcpu=cortex-a9 -mfpu=vfpv3 -mfloat-abi=hard -nostartfiles -Wall -Wextra"
"Compiling cpu_cortexa9"
"Running Make libs in ps7_cortexa9_0/libsrc/ddrps_v1_0/src"
C:/Logiciels/Xilinx/SDK/2017.2/gnuwin/bin/make -C ps7_cortexa9_0/libsrc/ddrps_v1_0/src -s libs  "SHELL=CMD" "COMPILER=arm-none-eabi-gcc" "ARCHIVER=arm-none-eabi-ar" "COMPILER_FLAGS=  -O2 -c" "EXTRA_COMPILER_FLAGS=-O0 -g3 -DDEBUG -mcpu=cortex-a9 -mfpu=vfpv3 -mfloat-abi=hard -nostartfiles -Wall -Wextra"
"Compiling ddrps"
"Running Make libs in ps7_cortexa9_0/libsrc/devcfg_v3_4/src"
C:/Logiciels/Xilinx/SDK/2017.2/gnuwin/bin/make -C ps7_cortexa9_0/libsrc/devcfg_v3_4/src -s libs  "SHELL=CMD" "COMPILER=arm-none-eabi-gcc" "ARCHIVER=arm-none-eabi-ar" "COMPILER_FLAGS=  -O2 -c" "EXTRA_COMPILER_FLAGS=-O0 -g3 -DDEBUG -mcpu=cortex-a9 -mfpu=vfpv3 -mfloat-abi=hard -nostartfiles -Wall -Wextra"
"Compiling devcfg"
"Running Make libs in ps7_cortexa9_0/libsrc/dmaps_v2_3/src"
C:/Logiciels/Xilinx/SDK/2017.2/gnuwin/bin/make -C ps7_cortexa9_0/libsrc/dmaps_v2_3/src -s libs  "SHELL=CMD" "COMPILER=arm-none-eabi-gcc" "ARCHIVER=arm-none-eabi-ar" "COMPILER_FLAGS=  -O2 -c" "EXTRA_COMPILER_FLAGS=-O0 -g3 -DDEBUG -mcpu=cortex-a9 -mfpu=vfpv3 -mfloat-abi=hard -nostartfiles -Wall -Wextra"
"Compiling dmaps"
"Running Make libs in ps7_cortexa9_0/libsrc/emacps_v3_4/src"
C:/Logiciels/Xilinx/SDK/2017.2/gnuwin/bin/make -C ps7_cortexa9_0/libsrc/emacps_v3_4/src -s libs  "SHELL=CMD" "COMPILER=arm-none-eabi-gcc" "ARCHIVER=arm-none-eabi-ar" "COMPILER_FLAGS=  -O2 -c" "EXTRA_COMPILER_FLAGS=-O0 -g3 -DDEBUG -mcpu=cortex-a9 -mfpu=vfpv3 -mfloat-abi=hard -nostartfiles -Wall -Wextra"
"Compiling emacps"
"Running Make libs in ps7_cortexa9_0/libsrc/gpiops_v3_3/src"
C:/Logiciels/Xilinx/SDK/2017.2/gnuwin/bin/make -C ps7_cortexa9_0/libsrc/gpiops_v3_3/src -s libs  "SHELL=CMD" "COMPILER=arm-none-eabi-gcc" "ARCHIVER=arm-none-eabi-ar" "COMPILER_FLAGS=  -O2 -c" "EXTRA_COMPILER_FLAGS=-O0 -g3 -DDEBUG -mcpu=cortex-a9 -mfpu=vfpv3 -mfloat-abi=hard -nostartfiles -Wall -Wextra"
"Compiling gpiops"
"Running Make libs in ps7_cortexa9_0/libsrc/iic_v3_4/src"
C:/Logiciels/Xilinx/SDK/2017.2/gnuwin/bin/make -C ps7_cortexa9_0/libsrc/iic_v3_4/src -s libs  "SHELL=CMD" "COMPILER=arm-none-eabi-gcc" "ARCHIVER=arm-none-eabi-ar" "COMPILER_FLAGS=  -O2 -c" "EXTRA_COMPILER_FLAGS=-O0 -g3 -DDEBUG -mcpu=cortex-a9 -mfpu=vfpv3 -mfloat-abi=hard -nostartfiles -Wall -Wextra"
"Compiling iic"
"Running Make libs in ps7_cortexa9_0/libsrc/qspips_v3_3/src"
C:/Logiciels/Xilinx/SDK/2017.2/gnuwin/bin/make -C ps7_cortexa9_0/libsrc/qspips_v3_3/src -s libs  "SHELL=CMD" "COMPILER=arm-none-eabi-gcc" "ARCHIVER=arm-none-eabi-ar" "COMPILER_FLAGS=  -O2 -c" "EXTRA_COMPILER_FLAGS=-O0 -g3 -DDEBUG -mcpu=cortex-a9 -mfpu=vfpv3 -mfloat-abi=hard -nostartfiles -Wall -Wextra"
"Compiling qspips"
"Running Make libs in ps7_cortexa9_0/libsrc/scugic_v3_7/src"
C:/Logiciels/Xilinx/SDK/2017.2/gnuwin/bin/make -C ps7_cortexa9_0/libsrc/scugic_v3_7/src -s libs  "SHELL=CMD" "COMPILER=arm-none-eabi-gcc" "ARCHIVER=arm-none-eabi-ar" "COMPILER_FLAGS=  -O2 -c" "EXTRA_COMPILER_FLAGS=-O0 -g3 -DDEBUG -mcpu=cortex-a9 -mfpu=vfpv3 -mfloat-abi=hard -nostartfiles -Wall -Wextra"
"Compiling scugic"
xscugic_g.c:53:2: warning: missing initializer for field 'HandlerTable' of 'XScuGic_Config {aka struct <anonymous>}' [-Wmissing-field-initializers]
  }
  ^
In file included from xscugic_g.c:41:0:
xscugic.h:218:27: note: 'HandlerTable' declared here
  XScuGic_VectorTableEntry HandlerTable[XSCUGIC_MAX_NUM_INTR_INPUTS];/**<
                           ^~~~~~~~~~~~
"Running Make libs in ps7_cortexa9_0/libsrc/scutimer_v2_1/src"
C:/Logiciels/Xilinx/SDK/2017.2/gnuwin/bin/make -C ps7_cortexa9_0/libsrc/scutimer_v2_1/src -s libs  "SHELL=CMD" "COMPILER=arm-none-eabi-gcc" "ARCHIVER=arm-none-eabi-ar" "COMPILER_FLAGS=  -O2 -c" "EXTRA_COMPILER_FLAGS=-O0 -g3 -DDEBUG -mcpu=cortex-a9 -mfpu=vfpv3 -mfloat-abi=hard -nostartfiles -Wall -Wextra"
"Compiling scutimer"
"Running Make libs in ps7_cortexa9_0/libsrc/scuwdt_v2_1/src"
C:/Logiciels/Xilinx/SDK/2017.2/gnuwin/bin/make -C ps7_cortexa9_0/libsrc/scuwdt_v2_1/src -s libs  "SHELL=CMD" "COMPILER=arm-none-eabi-gcc" "ARCHIVER=arm-none-eabi-ar" "COMPILER_FLAGS=  -O2 -c" "EXTRA_COMPILER_FLAGS=-O0 -g3 -DDEBUG -mcpu=cortex-a9 -mfpu=vfpv3 -mfloat-abi=hard -nostartfiles -Wall -Wextra"
"Compiling scuwdt"
"Running Make libs in ps7_cortexa9_0/libsrc/sdps_v3_2/src"
C:/Logiciels/Xilinx/SDK/2017.2/gnuwin/bin/make -C ps7_cortexa9_0/libsrc/sdps_v3_2/src -s libs  "SHELL=CMD" "COMPILER=arm-none-eabi-gcc" "ARCHIVER=arm-none-eabi-ar" "COMPILER_FLAGS=  -O2 -c" "EXTRA_COMPILER_FLAGS=-O0 -g3 -DDEBUG -mcpu=cortex-a9 -mfpu=vfpv3 -mfloat-abi=hard -nostartfiles -Wall -Wextra"
"Compiling sdps"
"Running Make libs in ps7_cortexa9_0/libsrc/sobel_filter_v1_0/src"
C:/Logiciels/Xilinx/SDK/2017.2/gnuwin/bin/make -C ps7_cortexa9_0/libsrc/sobel_filter_v1_0/src -s libs  "SHELL=CMD" "COMPILER=arm-none-eabi-gcc" "ARCHIVER=arm-none-eabi-ar" "COMPILER_FLAGS=  -O2 -c" "EXTRA_COMPILER_FLAGS=-O0 -g3 -DDEBUG -mcpu=cortex-a9 -mfpu=vfpv3 -mfloat-abi=hard -nostartfiles -Wall -Wextra"
"Compiling sobel_filter"
"Running Make libs in ps7_cortexa9_0/libsrc/standalone_v6_3/src"
C:/Logiciels/Xilinx/SDK/2017.2/gnuwin/bin/make -C ps7_cortexa9_0/libsrc/standalone_v6_3/src -s libs  "SHELL=CMD" "COMPILER=arm-none-eabi-gcc" "ARCHIVER=arm-none-eabi-ar" "COMPILER_FLAGS=  -O2 -c" "EXTRA_COMPILER_FLAGS=-O0 -g3 -DDEBUG -mcpu=cortex-a9 -mfpu=vfpv3 -mfloat-abi=hard -nostartfiles -Wall -Wextra"
"Compiling standalone"
In file included from xil_exception.c:59:0:
xdebug.h:8:2: warning: #warning DEBUG is enabled [-Wcpp]
 #warning DEBUG is enabled
  ^~~~~~~
xil_exception.c: In function 'Xil_DataAbortHandler':
xdebug.h:21:32: warning: statement with no effect [-Wunused-value]
 #define xdbg_printf(type, ...) (((type) & xdbg_current_types) ? printf (__VA_ARGS__) : 0)
                                ^
xil_exception.c:261:9: note: in expansion of macro 'xdbg_printf'
         xdbg_printf(XDBG_DEBUG_ERROR, "Data abort \n");
         ^~~~~~~~~~~
xil_exception.c:270:34: warning: format '%x' expects argument of type 'unsigned int', but argument 2 has type 'u32 {aka long unsigned int}' [-Wformat=]
  xdbg_printf(XDBG_DEBUG_GENERAL, "Data abort with Data Fault Status Register  %x\n",FaultStatus);
                                  ^
xdebug.h:21:73: note: in definition of macro 'xdbg_printf'
 #define xdbg_printf(type, ...) (((type) & xdbg_current_types) ? printf (__VA_ARGS__) : 0)
                                                                         ^~~~~~~~~~~
xil_exception.c:271:34: warning: format '%x' expects argument of type 'unsigned int', but argument 2 has type 'u32 {aka long unsigned int}' [-Wformat=]
  xdbg_printf(XDBG_DEBUG_GENERAL, "Address of Instrcution causing Data abort %x\n",DataAbortAddr);
                                  ^
xdebug.h:21:73: note: in definition of macro 'xdbg_printf'
 #define xdbg_printf(type, ...) (((type) & xdbg_current_types) ? printf (__VA_ARGS__) : 0)
                                                                         ^~~~~~~~~~~
xil_exception.c: In function 'Xil_PrefetchAbortHandler':
xdebug.h:21:32: warning: statement with no effect [-Wunused-value]
 #define xdbg_printf(type, ...) (((type) & xdbg_current_types) ? printf (__VA_ARGS__) : 0)
                                ^
xil_exception.c:296:5: note: in expansion of macro 'xdbg_printf'
     xdbg_printf(XDBG_DEBUG_ERROR, "Prefetch abort \n");
     ^~~~~~~~~~~
xil_exception.c:305:34: warning: format '%x' expects argument of type 'unsigned int', but argument 2 has type 'u32 {aka long unsigned int}' [-Wformat=]
  xdbg_printf(XDBG_DEBUG_GENERAL, "Prefetch abort with Instruction Fault Status Register  %x\n",FaultStatus);
                                  ^
xdebug.h:21:73: note: in definition of macro 'xdbg_printf'
 #define xdbg_printf(type, ...) (((type) & xdbg_current_types) ? printf (__VA_ARGS__) : 0)
                                                                         ^~~~~~~~~~~
xil_exception.c:306:34: warning: format '%x' expects argument of type 'unsigned int', but argument 2 has type 'u32 {aka long unsigned int}' [-Wformat=]
  xdbg_printf(XDBG_DEBUG_GENERAL, "Address of Instrcution causing Prefetch abort %x\n",PrefetchAbortAddr);
                                  ^
xdebug.h:21:73: note: in definition of macro 'xdbg_printf'
 #define xdbg_printf(type, ...) (((type) & xdbg_current_types) ? printf (__VA_ARGS__) : 0)
                                                                         ^~~~~~~~~~~
xil_exception.c: In function 'Xil_UndefinedExceptionHandler':
xil_exception.c:327:34: warning: format '%x' expects argument of type 'unsigned int', but argument 2 has type 'u32 {aka long unsigned int}' [-Wformat=]
  xdbg_printf(XDBG_DEBUG_GENERAL, "Address of the undefined instruction %x\n",UndefinedExceptionAddr);
                                  ^
xdebug.h:21:73: note: in definition of macro 'xdbg_printf'
 #define xdbg_printf(type, ...) (((type) & xdbg_current_types) ? printf (__VA_ARGS__) : 0)
                                                                         ^~~~~~~~~~~
"Running Make libs in ps7_cortexa9_0/libsrc/ttcps_v3_3/src"
C:/Logiciels/Xilinx/SDK/2017.2/gnuwin/bin/make -C ps7_cortexa9_0/libsrc/ttcps_v3_3/src -s libs  "SHELL=CMD" "COMPILER=arm-none-eabi-gcc" "ARCHIVER=arm-none-eabi-ar" "COMPILER_FLAGS=  -O2 -c" "EXTRA_COMPILER_FLAGS=-O0 -g3 -DDEBUG -mcpu=cortex-a9 -mfpu=vfpv3 -mfloat-abi=hard -nostartfiles -Wall -Wextra"
"Compiling ttcps"
"Running Make libs in ps7_cortexa9_0/libsrc/uartps_v3_4/src"
C:/Logiciels/Xilinx/SDK/2017.2/gnuwin/bin/make -C ps7_cortexa9_0/libsrc/uartps_v3_4/src -s libs  "SHELL=CMD" "COMPILER=arm-none-eabi-gcc" "ARCHIVER=arm-none-eabi-ar" "COMPILER_FLAGS=  -O2 -c" "EXTRA_COMPILER_FLAGS=-O0 -g3 -DDEBUG -mcpu=cortex-a9 -mfpu=vfpv3 -mfloat-abi=hard -nostartfiles -Wall -Wextra"
"Compiling uartps"
"Running Make libs in ps7_cortexa9_0/libsrc/usbps_v2_4/src"
C:/Logiciels/Xilinx/SDK/2017.2/gnuwin/bin/make -C ps7_cortexa9_0/libsrc/usbps_v2_4/src -s libs  "SHELL=CMD" "COMPILER=arm-none-eabi-gcc" "ARCHIVER=arm-none-eabi-ar" "COMPILER_FLAGS=  -O2 -c" "EXTRA_COMPILER_FLAGS=-O0 -g3 -DDEBUG -mcpu=cortex-a9 -mfpu=vfpv3 -mfloat-abi=hard -nostartfiles -Wall -Wextra"
"Compiling usbps"
"Running Make libs in ps7_cortexa9_0/libsrc/vtc_v7_2/src"
C:/Logiciels/Xilinx/SDK/2017.2/gnuwin/bin/make -C ps7_cortexa9_0/libsrc/vtc_v7_2/src -s libs  "SHELL=CMD" "COMPILER=arm-none-eabi-gcc" "ARCHIVER=arm-none-eabi-ar" "COMPILER_FLAGS=  -O2 -c" "EXTRA_COMPILER_FLAGS=-O0 -g3 -DDEBUG -mcpu=cortex-a9 -mfpu=vfpv3 -mfloat-abi=hard -nostartfiles -Wall -Wextra"
"Compiling video timing controller"
"Running Make libs in ps7_cortexa9_0/libsrc/xadcps_v2_2/src"
C:/Logiciels/Xilinx/SDK/2017.2/gnuwin/bin/make -C ps7_cortexa9_0/libsrc/xadcps_v2_2/src -s libs  "SHELL=CMD" "COMPILER=arm-none-eabi-gcc" "ARCHIVER=arm-none-eabi-ar" "COMPILER_FLAGS=  -O2 -c" "EXTRA_COMPILER_FLAGS=-O0 -g3 -DDEBUG -mcpu=cortex-a9 -mfpu=vfpv3 -mfloat-abi=hard -nostartfiles -Wall -Wextra"
"Compiling xadcps"
"Running Make libs in ps7_cortexa9_0/libsrc/xilffs_v3_6/src"
C:/Logiciels/Xilinx/SDK/2017.2/gnuwin/bin/make -C ps7_cortexa9_0/libsrc/xilffs_v3_6/src -s libs  "SHELL=CMD" "COMPILER=arm-none-eabi-gcc" "ARCHIVER=arm-none-eabi-ar" "COMPILER_FLAGS=  -O2 -c" "EXTRA_COMPILER_FLAGS=-O0 -g3 -DDEBUG -mcpu=cortex-a9 -mfpu=vfpv3 -mfloat-abi=hard -nostartfiles -Wall -Wextra"
"Compiling XilFFs Library"
diskio.c:135:11: warning: 'ExtCsd' defined but not used [-Wunused-variable]
 static u8 ExtCsd[512] __attribute__ ((aligned(32)));
           ^~~~~~
ff.c: In function 'create_name':
ff.c:2008:9: warning: pointer targets in assignment differ in signedness [-Wpointer-sign]
  for (p = *path; *p == '/' || *p == '\\'; p++) ; /* Strip duplicated separator */
         ^
ff.c:2038:8: warning: pointer targets in assignment differ in signedness [-Wpointer-sign]
  *path = &p[si];      /* Return pointer to the next segment */
        ^
At top level:
ff.c:1550:6: warning: 'gen_numname' defined but not used [-Wunused-function]
 void gen_numname (
      ^~~~~~~~~~~
'Finished building libraries'
18:54:03 **** Auto Build of configuration Debug for project Lab4 ****
make pre-build main-build 
a9-linaro-pre-build-step
 
Building file: ../src/hdmi/video_frame_buffer.c
Invoking: ARM v7 gcc compiler
arm-none-eabi-gcc -Wall -O0 -g3 -c -fmessage-length=0 -MT"src/hdmi/video_frame_buffer.o" -mcpu=cortex-a9 -mfpu=vfpv3 -mfloat-abi=hard -I../../standalone_bsp_0/ps7_cortexa9_0/include -MMD -MP -MF"src/hdmi/video_frame_buffer.d" -MT"src/hdmi/video_frame_buffer.o" -o "src/hdmi/video_frame_buffer.o" "../src/hdmi/video_frame_buffer.c"
Finished building: ../src/hdmi/video_frame_buffer.c
 
Building file: ../src/hdmi/video_generator.c
Invoking: ARM v7 gcc compiler
arm-none-eabi-gcc -Wall -O0 -g3 -c -fmessage-length=0 -MT"src/hdmi/video_generator.o" -mcpu=cortex-a9 -mfpu=vfpv3 -mfloat-abi=hard -I../../standalone_bsp_0/ps7_cortexa9_0/include -MMD -MP -MF"src/hdmi/video_generator.d" -MT"src/hdmi/video_generator.o" -o "src/hdmi/video_generator.o" "../src/hdmi/video_generator.c"
Finished building: ../src/hdmi/video_generator.c
 
Building file: ../src/hdmi/zed_hdmi_display.c
Invoking: ARM v7 gcc compiler
arm-none-eabi-gcc -Wall -O0 -g3 -c -fmessage-length=0 -MT"src/hdmi/zed_hdmi_display.o" -mcpu=cortex-a9 -mfpu=vfpv3 -mfloat-abi=hard -I../../standalone_bsp_0/ps7_cortexa9_0/include -MMD -MP -MF"src/hdmi/zed_hdmi_display.d" -MT"src/hdmi/zed_hdmi_display.o" -o "src/hdmi/zed_hdmi_display.o" "../src/hdmi/zed_hdmi_display.c"
Finished building: ../src/hdmi/zed_hdmi_display.c
 
Building file: ../src/hdmi/zed_iic_axi.c
Invoking: ARM v7 gcc compiler
arm-none-eabi-gcc -Wall -O0 -g3 -c -fmessage-length=0 -MT"src/hdmi/zed_iic_axi.o" -mcpu=cortex-a9 -mfpu=vfpv3 -mfloat-abi=hard -I../../standalone_bsp_0/ps7_cortexa9_0/include -MMD -MP -MF"src/hdmi/zed_iic_axi.d" -MT"src/hdmi/zed_iic_axi.o" -o "src/hdmi/zed_iic_axi.o" "../src/hdmi/zed_iic_axi.c"
Finished building: ../src/hdmi/zed_iic_axi.c
 
Building file: ../src/main.c
Invoking: ARM v7 gcc compiler
arm-none-eabi-gcc -Wall -O0 -g3 -c -fmessage-length=0 -MT"src/main.o" -mcpu=cortex-a9 -mfpu=vfpv3 -mfloat-abi=hard -I../../standalone_bsp_0/ps7_cortexa9_0/include -MMD -MP -MF"src/main.d" -MT"src/main.o" -o "src/main.o" "../src/main.c"
../src/main.c: In function 'doSobelSW':
../src/main.c:71:15: warning: passing argument 1 of 'sobel_filter' from incompatible pointer type [-Wincompatible-pointer-types]
  sobel_filter(img_in, img_out);
               ^~~~~~
In file included from ../src/main.c:11:0:
../src/Sobel.h:11:6: note: expected 'uint8_t (*)[1920] {aka unsigned char (*)[1920]}' but argument is of type 'uint8_t * {aka unsigned char *}'
 void sobel_filter(uint8_t inter_pix[IMG_HEIGHT][IMG_WIDTH], unsigned out_pix[IMG_HEIGHT][IMG_WIDTH]);
      ^~~~~~~~~~~~
../src/main.c:71:23: warning: passing argument 2 of 'sobel_filter' from incompatible pointer type [-Wincompatible-pointer-types]
  sobel_filter(img_in, img_out);
                       ^~~~~~~
In file included from ../src/main.c:11:0:
../src/Sobel.h:11:6: note: expected 'unsigned int (*)[1920]' but argument is of type 'unsigned int *'
 void sobel_filter(uint8_t inter_pix[IMG_HEIGHT][IMG_WIDTH], unsigned out_pix[IMG_HEIGHT][IMG_WIDTH]);
      ^~~~~~~~~~~~
Finished building: ../src/main.c
 
Building file: ../src/platform.c
Invoking: ARM v7 gcc compiler
arm-none-eabi-gcc -Wall -O0 -g3 -c -fmessage-length=0 -MT"src/platform.o" -mcpu=cortex-a9 -mfpu=vfpv3 -mfloat-abi=hard -I../../standalone_bsp_0/ps7_cortexa9_0/include -MMD -MP -MF"src/platform.d" -MT"src/platform.o" -o "src/platform.o" "../src/platform.c"
Finished building: ../src/platform.c
 
Building target: Lab4.elf
Invoking: ARM v7 gcc linker
arm-none-eabi-gcc -mcpu=cortex-a9 -mfpu=vfpv3 -mfloat-abi=hard -Wl,-build-id=none -specs=Xilinx.spec -Wl,-T -Wl,../src/lscript.ld -L../../standalone_bsp_0/ps7_cortexa9_0/lib -o "Lab4.elf"  ./src/hdmi/video_frame_buffer.o ./src/hdmi/video_generator.o ./src/hdmi/video_resolution.o ./src/hdmi/zed_hdmi_display.o ./src/hdmi/zed_iic_axi.o  ./src/Sobel.o ./src/main.o ./src/platform.o   -Wl,--start-group,-lxil,-lgcc,-lc,--end-group -Wl,--start-group,-lxilffs,-lxil,-lgcc,-lc,--end-group
Finished building target: Lab4.elf
 
Invoking: ARM v7 Print Size
arm-none-eabi-size Lab4.elf  |tee "Lab4.elf.size"
   text	   data	    bss	    dec	    hex	filename
 235316	   3284	419447904	419686504	1903e868	Lab4.elf
Finished building: Lab4.elf.size
 
18:54:12 **** Incremental Build of configuration Debug for project Lab4 ****
make pre-build main-build 
a9-linaro-pre-build-step
 
make: Rien à faire pour « main-build ».
18:54:34 **** Incremental Build of configuration Debug for project Lab4 ****
make pre-build main-build 
a9-linaro-pre-build-step
 
make: Rien à faire pour « main-build ».
